Component: ARM Compiler 5.06 update 4 (build 422) Tool: armlink [4d35d2]

==============================================================================

Section Cross References

    stm32l0xx_hal_cortex.o(i.HAL_NVIC_SetPriority) refers to stm32l0xx_hal_cortex.o(i.NVIC_SetPriority) for NVIC_SetPriority
    stm32l0xx_hal_cortex.o(i.HAL_SYSTICK_Config) refers to stm32l0xx_hal_cortex.o(i.NVIC_SetPriority) for NVIC_SetPriority
    stm32l0xx_hal_cortex.o(i.HAL_SYSTICK_IRQHandler) refers to stm32l0xx_hal_cortex.o(i.HAL_SYSTICK_Callback) for HAL_SYSTICK_Callback
    stm32l0xx_hal_rcc_ex.o(i.HAL_RCCEx_CRSWaitSynchronization) refers to stm32l0xx_hal.o(i.HAL_GetTick) for HAL_GetTick
    stm32l0xx_hal_rcc_ex.o(i.HAL_RCCEx_CRS_IRQHandler) refers to stm32l0xx_hal_rcc_ex.o(i.HAL_RCCEx_CRS_SyncOkCallback) for HAL_RCCEx_CRS_SyncOkCallback
    stm32l0xx_hal_rcc_ex.o(i.HAL_RCCEx_CRS_IRQHandler) refers to stm32l0xx_hal_rcc_ex.o(i.HAL_RCCEx_CRS_SyncWarnCallback) for HAL_RCCEx_CRS_SyncWarnCallback
    stm32l0xx_hal_rcc_ex.o(i.HAL_RCCEx_CRS_IRQHandler) refers to stm32l0xx_hal_rcc_ex.o(i.HAL_RCCEx_CRS_ExpectedSyncCallback) for HAL_RCCEx_CRS_ExpectedSyncCallback
    stm32l0xx_hal_rcc_ex.o(i.HAL_RCCEx_CRS_IRQHandler) refers to stm32l0xx_hal_rcc_ex.o(i.HAL_RCCEx_CRS_ErrorCallback) for HAL_RCCEx_CRS_ErrorCallback
    stm32l0xx_hal_rcc_ex.o(i.HAL_RCCEx_GetPeriphCLKFreq) refers to uidiv.o(.text) for __aeabi_uidivmod
    stm32l0xx_hal_rcc_ex.o(i.HAL_RCCEx_GetPeriphCLKFreq) refers to stm32l0xx_hal_rcc.o(i.HAL_RCC_GetPCLK2Freq) for HAL_RCC_GetPCLK2Freq
    stm32l0xx_hal_rcc_ex.o(i.HAL_RCCEx_GetPeriphCLKFreq) refers to stm32l0xx_hal_rcc.o(i.HAL_RCC_GetSysClockFreq) for HAL_RCC_GetSysClockFreq
    stm32l0xx_hal_rcc_ex.o(i.HAL_RCCEx_GetPeriphCLKFreq) refers to stm32l0xx_hal_rcc.o(i.HAL_RCC_GetPCLK1Freq) for HAL_RCC_GetPCLK1Freq
    stm32l0xx_hal_rcc_ex.o(i.HAL_RCCEx_GetPeriphCLKFreq) refers to system_stm32l0xx.o(.constdata) for PLLMulTable
    stm32l0xx_hal_rcc_ex.o(i.HAL_RCCEx_LSECSS_IRQHandler) refers to stm32l0xx_hal_rcc_ex.o(i.HAL_RCCEx_LSECSS_Callback) for HAL_RCCEx_LSECSS_Callback
    stm32l0xx_hal_rcc_ex.o(i.HAL_RCCEx_PeriphCLKConfig) refers to stm32l0xx_hal.o(i.HAL_GetTick) for HAL_GetTick
    stm32l0xx_hal_flash_ex.o(i.FLASH_OB_ProtectedSectorsConfig) refers to stm32l0xx_hal_flash.o(i.FLASH_WaitForLastOperation) for FLASH_WaitForLastOperation
    stm32l0xx_hal_flash_ex.o(i.FLASH_OB_ProtectedSectorsConfig) refers to stm32l0xx_hal_flash.o(.bss) for pFlash
    stm32l0xx_hal_flash_ex.o(i.FLASH_PageErase) refers to stm32l0xx_hal_flash.o(.bss) for pFlash
    stm32l0xx_hal_flash_ex.o(i.HAL_FLASHEx_AdvOBProgram) refers to stm32l0xx_hal_flash_ex.o(i.FLASH_OB_ProtectedSectorsConfig) for FLASH_OB_ProtectedSectorsConfig
    stm32l0xx_hal_flash_ex.o(i.HAL_FLASHEx_DATAEEPROM_Erase) refers to stm32l0xx_hal_flash.o(i.FLASH_WaitForLastOperation) for FLASH_WaitForLastOperation
    stm32l0xx_hal_flash_ex.o(i.HAL_FLASHEx_DATAEEPROM_Erase) refers to stm32l0xx_hal_flash.o(.bss) for pFlash
    stm32l0xx_hal_flash_ex.o(i.HAL_FLASHEx_DATAEEPROM_Program) refers to stm32l0xx_hal_flash.o(i.FLASH_WaitForLastOperation) for FLASH_WaitForLastOperation
    stm32l0xx_hal_flash_ex.o(i.HAL_FLASHEx_DATAEEPROM_Program) refers to stm32l0xx_hal_flash.o(.bss) for pFlash
    stm32l0xx_hal_flash_ex.o(i.HAL_FLASHEx_Erase) refers to stm32l0xx_hal_flash.o(i.FLASH_WaitForLastOperation) for FLASH_WaitForLastOperation
    stm32l0xx_hal_flash_ex.o(i.HAL_FLASHEx_Erase) refers to stm32l0xx_hal_flash_ex.o(i.FLASH_PageErase) for FLASH_PageErase
    stm32l0xx_hal_flash_ex.o(i.HAL_FLASHEx_Erase) refers to stm32l0xx_hal_flash.o(.bss) for pFlash
    stm32l0xx_hal_flash_ex.o(i.HAL_FLASHEx_Erase_IT) refers to stm32l0xx_hal_flash.o(i.FLASH_WaitForLastOperation) for FLASH_WaitForLastOperation
    stm32l0xx_hal_flash_ex.o(i.HAL_FLASHEx_Erase_IT) refers to stm32l0xx_hal_flash_ex.o(i.FLASH_PageErase) for FLASH_PageErase
    stm32l0xx_hal_flash_ex.o(i.HAL_FLASHEx_Erase_IT) refers to stm32l0xx_hal_flash.o(.bss) for pFlash
    stm32l0xx_hal_flash_ex.o(i.HAL_FLASHEx_OBProgram) refers to stm32l0xx_hal_flash_ex.o(i.FLASH_OB_ProtectedSectorsConfig) for FLASH_OB_ProtectedSectorsConfig
    stm32l0xx_hal_flash_ex.o(i.HAL_FLASHEx_OBProgram) refers to stm32l0xx_hal_flash.o(i.FLASH_WaitForLastOperation) for FLASH_WaitForLastOperation
    stm32l0xx_hal_flash_ex.o(i.HAL_FLASHEx_OBProgram) refers to stm32l0xx_hal_flash.o(.bss) for pFlash
    stm32l0xx_hal_flash_ex.o(i.HAL_FLASHEx_OB_DeSelectPCROP) refers to stm32l0xx_hal_flash.o(i.FLASH_WaitForLastOperation) for FLASH_WaitForLastOperation
    stm32l0xx_hal_flash_ex.o(i.HAL_FLASHEx_OB_DeSelectPCROP) refers to stm32l0xx_hal_flash.o(.bss) for pFlash
    stm32l0xx_hal_flash_ex.o(i.HAL_FLASHEx_OB_SelectPCROP) refers to stm32l0xx_hal_flash.o(i.FLASH_WaitForLastOperation) for FLASH_WaitForLastOperation
    stm32l0xx_hal_flash_ex.o(i.HAL_FLASHEx_OB_SelectPCROP) refers to stm32l0xx_hal_flash.o(.bss) for pFlash
[...]
    module_memmap.o(i.Read_MemMap) refers to module_memmap.o(.data) for .data
    module_memmap.o(i.Read_MemMap) refers to module_memmap.o(.bss) for .bss
    module_memmap.o(i.Write_MemMap) refers to module_mcu.o(i.NormalPowerMode) for NormalPowerMode
    module_memmap.o(i.Write_MemMap) refers to module_mcu.o(i.IsLPMode) for IsLPMode
    module_memmap.o(i.Write_MemMap) refers to module_mcu.o(i.LowPowerMode) for LowPowerMode
    module_memmap.o(i.Write_MemMap) refers to module_memmap.o(.data) for .data
    module_memmap.o(i.Write_MemMap) refers to module_memmap.o(.bss) for .bss
    module_slave_i2c.o(i.I2C_Slave_Transreceiver_IT_Deinitialize) refers to module_mcu.o(i.EmptyBuffer) for EmptyBuffer
    module_slave_i2c.o(i.I2C_Slave_Transreceiver_IT_Deinitialize) refers to module_slave_i2c.o(.bss) for .bss
    module_slave_i2c.o(i.I2C_Slave_Transreceiver_IT_Initialize) refers to module_slave_i2c.o(.bss) for .bss
    module_slave_i2c.o(i.I2C_Slave_Transreceiver_IT_Initialize) refers to module_slave_i2c.o(i.User_I2C_Slave_ISR_IT) for User_I2C_Slave_ISR_IT
    module_slave_i2c.o(i.User_I2C_Slave_ISR_IT) refers to module_mcu.o(i.EmptyBuffer) for EmptyBuffer
    module_slave_i2c.o(i.User_I2C_Slave_ISR_IT) refers to module_memmap.o(i.Read_MemMap) for Read_MemMap
    module_slave_i2c.o(i.User_I2C_Slave_ISR_IT) refers to module_memmap.o(i.Write_MemMap) for Write_MemMap
    module_slave_i2c.o(i.User_I2C_Slave_ISR_IT) refers to module_slave_i2c.o(.bss) for .bss
    module_slave_i2c.o(i.User_I2C_Slave_ISR_IT) refers to module_slave_i2c.o(.data) for .data
    module_mcu.o(i.ADC_Update) refers to stm32l0xx_hal_adc.o(i.HAL_ADC_Start_IT) for HAL_ADC_Start_IT
    module_mcu.o(i.ADC_Update) refers to main.o(.bss) for hadc
    module_mcu.o(i.Assert_IntL) refers to stm32l0xx_hal_gpio.o(i.HAL_GPIO_WritePin) for HAL_GPIO_WritePin
    module_mcu.o(i.Assert_IntL) refers to module_memmap.o(i.Internal_Read_MemMap) for Internal_Read_MemMap
    module_mcu.o(i.Assert_IntL) refers to module_memmap.o(i.Internal_Write_MemMap) for Internal_Write_MemMap
    module_mcu.o(i.ClearLatchTempHighAlarm) refers to module_mcu.o(.data) for .data
    module_mcu.o(i.Data_Not_Ready) refers to module_memmap.o(i.Internal_Read_MemMap) for Internal_Read_MemMap
    module_mcu.o(i.Data_Not_Ready) refers to module_memmap.o(i.Internal_Write_MemMap) for Internal_Write_MemMap
    module_mcu.o(i.Data_Ready) refers to module_memmap.o(i.Internal_Read_MemMap) for Internal_Read_MemMap
    module_mcu.o(i.Data_Ready) refers to module_memmap.o(i.Internal_Write_MemMap) for Internal_Write_MemMap
    module_mcu.o(i.Deassert_IntL) refers to stm32l0xx_hal_gpio.o(i.HAL_GPIO_WritePin) for HAL_GPIO_WritePin
    module_mcu.o(i.Deassert_IntL) refers to module_memmap.o(i.Internal_Read_MemMap) for Internal_Read_MemMap
    module_mcu.o(i.Deassert_IntL) refers to module_memmap.o(i.Internal_Write_MemMap) for Internal_Write_MemMap
    module_mcu.o(i.GetIBias) refers to stm32l0xx_hal_adc.o(i.HAL_ADC_Start_IT) for HAL_ADC_Start_IT
    module_mcu.o(i.GetIBias) refers to main.o(.bss) for hadc
    module_mcu.o(i.GetIBias) refers to module_mcu.o(.data) for .data
    module_mcu.o(i.GetIntL) refers to stm32l0xx_hal_gpio.o(i.HAL_GPIO_ReadPin) for HAL_GPIO_ReadPin
    module_mcu.o(i.GetLatchTempHighAlarm) refers to module_mcu.o(.data) for .data
    module_mcu.o(i.GetRSSI1) refers to stm32l0xx_hal_adc.o(i.HAL_ADC_Start_IT) for HAL_ADC_Start_IT
    module_mcu.o(i.GetRSSI1) refers to main.o(.bss) for hadc
    module_mcu.o(i.GetRSSI1) refers to module_mcu.o(.data) for .data
    module_mcu.o(i.GetRSSI2) refers to stm32l0xx_hal_adc.o(i.HAL_ADC_Start_IT) for HAL_ADC_Start_IT
    module_mcu.o(i.GetRSSI2) refers to main.o(.bss) for hadc
    module_mcu.o(i.GetRSSI2) refers to module_mcu.o(.data) for .data
    module_mcu.o(i.GetRSSI3) refers to stm32l0xx_hal_adc.o(i.HAL_ADC_Start_IT) for HAL_ADC_Start_IT
    module_mcu.o(i.GetRSSI3) refers to main.o(.bss) for hadc
    module_mcu.o(i.GetRSSI3) refers to module_mcu.o(.data) for .data
    module_mcu.o(i.GetRSSI4) refers to stm32l0xx_hal_adc.o(i.HAL_ADC_Start_IT) for HAL_ADC_Start_IT
    module_mcu.o(i.GetRSSI4) refers to main.o(.bss) for hadc
    module_mcu.o(i.GetRSSI4) refers to module_mcu.o(.data) for .data
    module_mcu.o(i.GetTemperature) refers to stm32l0xx_hal_adc.o(i.HAL_ADC_Start_IT) for HAL_ADC_Start_IT
    module_mcu.o(i.GetTemperature) refers to main.o(.bss) for hadc
    module_mcu.o(i.GetTemperature) refers to module_mcu.o(.data) for .data
    module_mcu.o(i.GetTx_Pin_DIS) refers to stm32l0xx_hal_gpio.o(i.HAL_GPIO_ReadPin) for HAL_GPIO_ReadPin
    module_mcu.o(i.HAL_ADC_ConvCpltCallback) refers to stm32l0xx_hal_adc.o(i.HAL_ADC_GetValue) for HAL_ADC_GetValue
    module_mcu.o(i.HAL_ADC_ConvCpltCallback) refers to module_mcu.o(i.__ARM_common_switch8) for __ARM_common_switch8
    module_mcu.o(i.HAL_ADC_ConvCpltCallback) refers to stm32l0xx_hal_adc.o(i.HAL_ADC_Stop_IT) for HAL_ADC_Stop_IT
    module_mcu.o(i.HAL_ADC_ConvCpltCallback) refers to module_mcu.o(.data) for .data
    module_mcu.o(i.IsLPMode) refers to stm32l0xx_hal_gpio.o(i.HAL_GPIO_ReadPin) for HAL_GPIO_ReadPin
    module_mcu.o(i.IsLPMode_Overriade) refers to module_memmap.o(i.Internal_Read_MemMap) for Internal_Read_MemMap
    module_mcu.o(i.IsModSelL) refers to stm32l0xx_hal_gpio.o(i.HAL_GPIO_ReadPin) for HAL_GPIO_ReadPin
    module_mcu.o(i.Tx_Pin_Disable) refers to stm32l0xx_hal_gpio.o(i.HAL_GPIO_WritePin) for HAL_GPIO_WritePin
    module_mcu.o(i.Tx_Pin_Enable) refers to stm32l0xx_hal_gpio.o(i.HAL_GPIO_WritePin) for HAL_GPIO_WritePin
    startup_stm32l052xx.o(RESET) refers to startup_stm32l052xx.o(STACK) for __initial_sp
    startup_stm32l052xx.o(RESET) refers to startup_stm32l052xx.o(.text) for Reset_Handler
    startup_stm32l052xx.o(RESET) refers to stm32l0xx_it.o(i.NMI_Handler) for NMI_Handler
    startup_stm32l052xx.o(RESET) refers to stm32l0xx_it.o(i.HardFault_Handler) for HardFault_Handler
    startup_stm32l052xx.o(RESET) refers to stm32l0xx_it.o(i.SVC_Handler) for SVC_Handler
    startup_stm32l052xx.o(RESET) refers to stm32l0xx_it.o(i.PendSV_Handler) for PendSV_Handler
    startup_stm32l052xx.o(RESET) refers to stm32l0xx_it.o(i.SysTick_Handler) for SysTick_Handler
    startup_stm32l052xx.o(RESET) refers to stm32l0xx_it.o(i.EXTI2_3_IRQHandler) for EXTI2_3_IRQHandler
    startup_stm32l052xx.o(RESET) refers to stm32l0xx_it.o(i.EXTI4_15_IRQHandler) for EXTI4_15_IRQHandler
    startup_stm32l052xx.o(RESET) refers to stm32l0xx_it.o(i.ADC1_COMP_IRQHandler) for ADC1_COMP_IRQHandler
    startup_stm32l052xx.o(RESET) refers to stm32l0xx_it.o(i.I2C1_IRQHandler) for I2C1_IRQHandler
    startup_stm32l052xx.o(.text) refers to system_stm32l0xx.o(i.SystemInit) for SystemInit
    startup_stm32l052xx.o(.text) refers to entry.o(.ARM.Collect$$$$00000000) for __main
    system_stm32l0xx.o(i.SystemCoreClockUpdate) refers to uidiv.o(.text) for __aeabi_uidivmod
    system_stm32l0xx.o(i.SystemCoreClockUpdate) refers to system_stm32l0xx.o(.data) for .data
    system_stm32l0xx.o(i.SystemCoreClockUpdate) refers to system_stm32l0xx.o(.constdata) for .constdata
    entry.o(.ARM.Collect$$$$00000000) refers (Special) to entry10a.o(.ARM.Collect$$$$0000000D) for __rt_final_cpp
    entry.o(.ARM.Collect$$$$00000000) refers (Special) to entry11a.o(.ARM.Collect$$$$0000000F) for __rt_final_exit
    entry.o(.ARM.Collect$$$$00000000) refers (Special) to entry7b.o(.ARM.Collect$$$$00000008) for _main_clock
    entry.o(.ARM.Collect$$$$00000000) refers (Special) to entry8b.o(.ARM.Collect$$$$0000000A) for _main_cpp_init
    entry.o(.ARM.Collect$$$$00000000) refers (Special) to entry9a.o(.ARM.Collect$$$$0000000B) for _main_init
    entry.o(.ARM.Collect$$$$00000000) refers (Special) to entry5.o(.ARM.Collect$$$$00000004) for _main_scatterload
    entry.o(.ARM.Collect$$$$00000000) refers (Special) to entry2.o(.ARM.Collect$$$$00000001) for _main_stk
    dmul.o(.text) refers (Special) to iusefp.o(.text) for __I$use$fp
    dmul.o(.text) refers to depilogue.o(.text) for _double_epilogue
    ddiv.o(.text) refers (Special) to iusefp.o(.text) for __I$use$fp
    ddiv.o(.text) refers to depilogue.o(.text) for _double_round
    dfixui.o(.text) refers (Special) to iusefp.o(.text) for __I$use$fp
    dfixui.o(.text) refers to llushr.o(.text) for __aeabi_llsr
    entry2.o(.ARM.Collect$$$$00000001) refers to entry2.o(.ARM.Collect$$$$00002712) for __lit__00000000
    entry2.o(.ARM.Collect$$$$00002712) refers to startup_stm32l052xx.o(STACK) for __initial_sp
    entry2.o(__vectab_stack_and_reset_area) refers to startup_stm32l052xx.o(STACK) for __initial_sp
    entry2.o(__vectab_stack_and_reset_area) refers to entry.o(.ARM.Collect$$$$00000000) for __main
    entry5.o(.ARM.Collect$$$$00000004) refers to init.o(.text) for __scatterload
    entry9a.o(.ARM.Collect$$$$0000000B) refers to main.o(i.main) for main
    entry9b.o(.ARM.Collect$$$$0000000C) refers to main.o(i.main) for main
    depilogue.o(.text) refers to depilogue.o(i.__ARM_clz) for __ARM_clz
    depilogue.o(.text) refers to llshl.o(.text) for __aeabi_llsl
    depilogue.o(.text) refers to llushr.o(.text) for __aeabi_llsr
    init.o(.text) refers to entry5.o(.ARM.Collect$$$$00000004) for __main_after_scatterload


==============================================================================

Removing Unused input sections from the image.

    Removing stm32l0xx_hal_cortex.o(.rev16_text), (4 bytes).
    Removing stm32l0xx_hal_cortex.o(.revsh_text), (4 bytes).
    Removing stm32l0xx_hal_cortex.o(i.HAL_MPU_ConfigRegion), (80 bytes).
    Removing stm32l0xx_hal_cortex.o(i.HAL_NVIC_ClearPendingIRQ), (20 bytes).
    Removing stm32l0xx_hal_cortex.o(i.HAL_NVIC_DisableIRQ), (20 bytes).
    Removing stm32l0xx_hal_cortex.o(i.HAL_NVIC_GetPendingIRQ), (28 bytes).
    Removing stm32l0xx_hal_cortex.o(i.HAL_NVIC_GetPriority), (52 bytes).
    Removing stm32l0xx_hal_cortex.o(i.HAL_NVIC_SetPendingIRQ), (20 bytes).
    Removing stm32l0xx_hal_cortex.o(i.HAL_NVIC_SystemReset), (28 bytes).
    Removing stm32l0xx_hal_rcc_ex.o(.rev16_text), (4 bytes).
    Removing stm32l0xx_hal_rcc_ex.o(.revsh_text), (4 bytes).
    Removing stm32l0xx_hal_rcc_ex.o(i.HAL_RCCEx_CRSConfig), (72 bytes).
    Removing stm32l0xx_hal_rcc_ex.o(i.HAL_RCCEx_CRSGetSynchronizationInfo), (40 bytes).
    Removing stm32l0xx_hal_rcc_ex.o(i.HAL_RCCEx_CRSSoftwareSynchronizationGenerate), (16 bytes).
    Removing stm32l0xx_hal_rcc_ex.o(i.HAL_RCCEx_CRSWaitSynchronization), (120 bytes).
    Removing stm32l0xx_hal_rcc_ex.o(i.HAL_RCCEx_CRS_ErrorCallback), (2 bytes).
    Removing stm32l0xx_hal_rcc_ex.o(i.HAL_RCCEx_CRS_ExpectedSyncCallback), (2 bytes).
    Removing stm32l0xx_hal_rcc_ex.o(i.HAL_RCCEx_CRS_IRQHandler), (112 bytes).
    Removing stm32l0xx_hal_rcc_ex.o(i.HAL_RCCEx_CRS_SyncOkCallback), (2 bytes).
    Removing stm32l0xx_hal_rcc_ex.o(i.HAL_RCCEx_CRS_SyncWarnCallback), (2 bytes).
    Removing stm32l0xx_hal_rcc_ex.o(i.HAL_RCCEx_DisableHSI48_VREFINT), (16 bytes).
    Removing stm32l0xx_hal_rcc_ex.o(i.HAL_RCCEx_DisableLSECSS), (32 bytes).
    Removing stm32l0xx_hal_rcc_ex.o(i.HAL_RCCEx_EnableHSI48_VREFINT), (16 bytes).
    Removing stm32l0xx_hal_rcc_ex.o(i.HAL_RCCEx_EnableLSECSS), (20 bytes).
    Removing stm32l0xx_hal_rcc_ex.o(i.HAL_RCCEx_EnableLSECSS_IT), (52 bytes).
    Removing stm32l0xx_hal_rcc_ex.o(i.HAL_RCCEx_GetPeriphCLKConfig), (104 bytes).
    Removing stm32l0xx_hal_rcc_ex.o(i.HAL_RCCEx_GetPeriphCLKFreq), (416 bytes).
    Removing stm32l0xx_hal_rcc_ex.o(i.HAL_RCCEx_LSECSS_Callback), (2 bytes).
    Removing stm32l0xx_hal_rcc_ex.o(i.HAL_RCCEx_LSECSS_IRQHandler), (24 bytes).
    Removing stm32l0xx_hal_flash_ex.o(.rev16_text), (4 bytes).
    Removing stm32l0xx_hal_flash_ex.o(.revsh_text), (4 bytes).
    Removing stm32l0xx_hal_flash_ex.o(i.FLASH_OB_ProtectedSectorsConfig), (80 bytes).
    Removing stm32l0xx_hal_flash_ex.o(i.FLASH_PageErase), (44 bytes).
    Removing stm32l0xx_hal_flash_ex.o(i.HAL_FLASHEx_AdvOBGetConfig), (24 bytes).
    Removing stm32l0xx_hal_flash_ex.o(i.HAL_FLASHEx_AdvOBProgram), (24 bytes).
    Removing stm32l0xx_hal_flash_ex.o(i.HAL_FLASHEx_DATAEEPROM_DisableFixedTimeProgram), (16 bytes).
    Removing stm32l0xx_hal_flash_ex.o(i.HAL_FLASHEx_DATAEEPROM_EnableFixedTimeProgram), (16 bytes).
    Removing stm32l0xx_hal_flash_ex.o(i.HAL_FLASHEx_DATAEEPROM_Erase), (40 bytes).
    Removing stm32l0xx_hal_flash_ex.o(i.HAL_FLASHEx_DATAEEPROM_Lock), (20 bytes).
    Removing stm32l0xx_hal_flash_ex.o(i.HAL_FLASHEx_DATAEEPROM_Program), (84 bytes).
    Removing stm32l0xx_hal_flash_ex.o(i.HAL_FLASHEx_DATAEEPROM_Unlock), (36 bytes).
    Removing stm32l0xx_hal_flash_ex.o(i.HAL_FLASHEx_Erase), (120 bytes).
    Removing stm32l0xx_hal_flash_ex.o(i.HAL_FLASHEx_Erase_IT), (92 bytes).
    Removing stm32l0xx_hal_flash_ex.o(i.HAL_FLASHEx_OBGetConfig), (44 bytes).
    Removing stm32l0xx_hal_flash_ex.o(i.HAL_FLASHEx_OBProgram), (292 bytes).
    Removing stm32l0xx_hal_flash_ex.o(i.HAL_FLASHEx_OB_DeSelectPCROP), (52 bytes).
    Removing stm32l0xx_hal_flash_ex.o(i.HAL_FLASHEx_OB_SelectPCROP), (56 bytes).
    Removing stm32l0xx_hal_adc.o(.rev16_text), (4 bytes).
    Removing stm32l0xx_hal_adc.o(.revsh_text), (4 bytes).
    Removing stm32l0xx_hal_adc.o(i.ADC_DMAConvCplt), (108 bytes).
    Removing stm32l0xx_hal_adc.o(i.ADC_DMAError), (26 bytes).
    Removing stm32l0xx_hal_adc.o(i.ADC_DMAHalfConvCplt), (10 bytes).
    Removing stm32l0xx_hal_adc.o(i.HAL_ADC_AnalogWDGConfig), (156 bytes).
    Removing stm32l0xx_hal_adc.o(i.HAL_ADC_ConvCpltCallback), (2 bytes).
    Removing stm32l0xx_hal_adc.o(i.HAL_ADC_ConvHalfCpltCallback), (2 bytes).
    Removing stm32l0xx_hal_adc.o(i.HAL_ADC_DeInit), (180 bytes).
    Removing stm32l0xx_hal_adc.o(i.HAL_ADC_GetError), (4 bytes).
    Removing stm32l0xx_hal_adc.o(i.HAL_ADC_GetState), (4 bytes).
    Removing stm32l0xx_hal_adc.o(i.HAL_ADC_MspDeInit), (2 bytes).
    Removing stm32l0xx_hal_adc.o(i.HAL_ADC_MspInit), (2 bytes).
    Removing stm32l0xx_hal_adc.o(i.HAL_ADC_PollForConversion), (190 bytes).
    Removing stm32l0xx_hal_adc.o(i.HAL_ADC_PollForEvent), (116 bytes).
    Removing stm32l0xx_hal_adc.o(i.HAL_ADC_Start), (92 bytes).
    Removing stm32l0xx_hal_adc.o(i.HAL_ADC_Start_DMA), (160 bytes).
    Removing stm32l0xx_hal_adc.o(i.HAL_ADC_Stop), (62 bytes).
    Removing stm32l0xx_hal_adc.o(i.HAL_ADC_Stop_DMA), (112 bytes).
    Removing stm32l0xx_hal_pwr.o(.rev16_text), (4 bytes).
    Removing stm32l0xx_hal_pwr.o(.revsh_text), (4 bytes).
    Removing stm32l0xx_hal_pwr.o(i.HAL_PWR_ConfigPVD), (104 bytes).
    Removing stm32l0xx_hal_pwr.o(i.HAL_PWR_DeInit), (24 bytes).
    Removing stm32l0xx_hal_pwr.o(i.HAL_PWR_DisableBkUpAccess), (16 bytes).
    Removing stm32l0xx_hal_pwr.o(i.HAL_PWR_DisablePVD), (16 bytes).
    Removing stm32l0xx_hal_pwr.o(i.HAL_PWR_DisableSEVOnPend), (16 bytes).
    Removing stm32l0xx_hal_pwr.o(i.HAL_PWR_DisableSleepOnExit), (16 bytes).
    Removing stm32l0xx_hal_pwr.o(i.HAL_PWR_DisableWakeUpPin), (16 bytes).
    Removing stm32l0xx_hal_pwr.o(i.HAL_PWR_EnableBkUpAccess), (16 bytes).
    Removing stm32l0xx_hal_pwr.o(i.HAL_PWR_EnablePVD), (16 bytes).
    Removing stm32l0xx_hal_pwr.o(i.HAL_PWR_EnableSEVOnPend), (16 bytes).
    Removing stm32l0xx_hal_pwr.o(i.HAL_PWR_EnableSleepOnExit), (16 bytes).
    Removing stm32l0xx_hal_pwr.o(i.HAL_PWR_EnableWakeUpPin), (16 bytes).
    Removing stm32l0xx_hal_pwr.o(i.HAL_PWR_EnterSLEEPMode), (48 bytes).
    Removing stm32l0xx_hal_pwr.o(i.HAL_PWR_EnterSTANDBYMode), (32 bytes).
    Removing stm32l0xx_hal_pwr.o(i.HAL_PWR_EnterSTOPMode), (52 bytes).
    Removing stm32l0xx_hal_pwr.o(i.HAL_PWR_PVDCallback), (2 bytes).
    Removing stm32l0xx_hal_pwr.o(i.HAL_PWR_PVD_IRQHandler), (28 bytes).
    Removing stm32l0xx_hal_tim.o(.rev16_text), (4 bytes).
    Removing stm32l0xx_hal_tim.o(.revsh_text), (4 bytes).
    Removing stm32l0xx_hal_flash_ramfunc.o(.rev16_text), (4 bytes).
    Removing stm32l0xx_hal_flash_ramfunc.o(.revsh_text), (4 bytes).
    Removing stm32l0xx_hal_flash_ramfunc.o(i.FLASHRAM_SetErrorCode), (144 bytes).
    Removing stm32l0xx_hal_flash_ramfunc.o(i.FLASHRAM_WaitForLastOperation), (96 bytes).
    Removing stm32l0xx_hal_flash_ramfunc.o(i.HAL_FLASHEx_DisableRunPowerDown), (36 bytes).
    Removing stm32l0xx_hal_flash_ramfunc.o(i.HAL_FLASHEx_EnableRunPowerDown), (36 bytes).
    Removing stm32l0xx_hal_flash_ramfunc.o(i.HAL_FLASHEx_GetError), (16 bytes).
    Removing stm32l0xx_hal_flash_ramfunc.o(i.HAL_FLASHEx_HalfPageProgram), (84 bytes).
    Removing stm32l0xx_hal_gpio.o(.rev16_text), (4 bytes).
    Removing stm32l0xx_hal_gpio.o(.revsh_text), (4 bytes).
    Removing stm32l0xx_hal_gpio.o(i.HAL_GPIO_DeInit), (228 bytes).
    Removing stm32l0xx_hal_gpio.o(i.HAL_GPIO_LockPin), (36 bytes).
    Removing stm32l0xx_hal_gpio.o(i.HAL_GPIO_TogglePin), (8 bytes).
    Removing stm32l0xx_hal_i2c_ex.o(.rev16_text), (4 bytes).
    Removing stm32l0xx_hal_i2c_ex.o(.revsh_text), (4 bytes).
    Removing stm32l0xx_hal_i2c_ex.o(i.HAL_I2CEx_DisableFastModePlus), (28 bytes).
    Removing stm32l0xx_hal_i2c_ex.o(i.HAL_I2CEx_DisableWakeUp), (66 bytes).
    Removing stm32l0xx_hal_i2c_ex.o(i.HAL_I2CEx_EnableFastModePlus), (28 bytes).
    Removing stm32l0xx_hal_i2c_ex.o(i.HAL_I2CEx_EnableWakeUp), (66 bytes).
    Removing stm32l0xx_hal.o(.rev16_text), (4 bytes).
    Removing stm32l0xx_hal.o(.revsh_text), (4 bytes).
    Removing stm32l0xx_hal.o(i.HAL_DBGMCU_DBG_DisableLowPowerConfig), (16 bytes).
    Removing stm32l0xx_hal.o(i.HAL_DBGMCU_DBG_EnableLowPowerConfig), (16 bytes).
    Removing stm32l0xx_hal.o(i.HAL_DBGMCU_DisableDBGSleepMode), (16 bytes).
    Removing stm32l0xx_hal.o(i.HAL_DBGMCU_DisableDBGStandbyMode), (16 bytes).
    Removing stm32l0xx_hal.o(i.HAL_DBGMCU_DisableDBGStopMode), (16 bytes).
    Removing stm32l0xx_hal.o(i.HAL_DBGMCU_EnableDBGSleepMode), (16 bytes).
    Removing stm32l0xx_hal.o(i.HAL_DBGMCU_EnableDBGStandbyMode), (16 bytes).
    Removing stm32l0xx_hal.o(i.HAL_DBGMCU_EnableDBGStopMode), (16 bytes).
    Removing stm32l0xx_hal.o(i.HAL_DeInit), (40 bytes).
    Removing stm32l0xx_hal.o(i.HAL_Delay), (22 bytes).
    Removing stm32l0xx_hal.o(i.HAL_GetDEVID), (16 bytes).
    Removing stm32l0xx_hal.o(i.HAL_GetHalVersion), (8 bytes).
    Removing stm32l0xx_hal.o(i.HAL_GetREVID), (12 bytes).
    Removing stm32l0xx_hal.o(i.HAL_MspDeInit), (2 bytes).
    Removing stm32l0xx_hal.o(i.HAL_MspInit), (2 bytes).
    Removing stm32l0xx_hal.o(i.HAL_ResumeTick), (16 bytes).
    Removing stm32l0xx_hal.o(i.HAL_SYSCFG_Disable_Lock_VREFINT), (16 bytes).
    Removing stm32l0xx_hal.o(i.HAL_SYSCFG_Enable_Lock_VREFINT), (16 bytes).
    Removing stm32l0xx_hal.o(i.HAL_SYSCFG_GetBootMode), (16 bytes).
    Removing stm32l0xx_hal.o(i.HAL_SYSCFG_VREFINT_OutputSelect), (24 bytes).
    Removing stm32l0xx_hal.o(i.HAL_SuspendTick), (16 bytes).
    Removing stm32l0xx_hal_adc_ex.o(.rev16_text), (4 bytes).
    Removing stm32l0xx_hal_adc_ex.o(.revsh_text), (4 bytes).
    Removing stm32l0xx_hal_adc_ex.o(i.HAL_ADCEx_Calibration_GetValue), (12 bytes).
    Removing stm32l0xx_hal_adc_ex.o(i.HAL_ADCEx_Calibration_SetValue), (94 bytes).
    Removing stm32l0xx_hal_adc_ex.o(i.HAL_ADCEx_Calibration_Start), (170 bytes).
    Removing stm32l0xx_hal_adc_ex.o(i.HAL_ADCEx_DisableVREFINT), (16 bytes).
    Removing stm32l0xx_hal_adc_ex.o(i.HAL_ADCEx_DisableVREFINTTempSensor), (16 bytes).
    Removing stm32l0xx_hal_adc_ex.o(i.HAL_ADCEx_EnableVREFINT), (48 bytes).
    Removing stm32l0xx_hal_adc_ex.o(i.HAL_ADCEx_EnableVREFINTTempSensor), (48 bytes).
    Removing stm32l0xx_hal_pwr_ex.o(.rev16_text), (4 bytes).
    Removing stm32l0xx_hal_pwr_ex.o(.revsh_text), (4 bytes).
    Removing stm32l0xx_hal_pwr_ex.o(i.HAL_PWREx_DisableFastWakeUp), (16 bytes).
    Removing stm32l0xx_hal_pwr_ex.o(i.HAL_PWREx_DisableLowPowerRunMode), (76 bytes).
    Removing stm32l0xx_hal_pwr_ex.o(i.HAL_PWREx_DisableUltraLowPower), (16 bytes).
    Removing stm32l0xx_hal_pwr_ex.o(i.HAL_PWREx_EnableFastWakeUp), (16 bytes).
    Removing stm32l0xx_hal_pwr_ex.o(i.HAL_PWREx_EnableLowPowerRunMode), (24 bytes).
    Removing stm32l0xx_hal_pwr_ex.o(i.HAL_PWREx_EnableUltraLowPower), (16 bytes).
    Removing stm32l0xx_hal_pwr_ex.o(i.HAL_PWREx_GetVoltageRange), (16 bytes).
    Removing stm32l0xx_hal_rcc.o(.rev16_text), (4 bytes).
    Removing stm32l0xx_hal_rcc.o(.revsh_text), (4 bytes).
    Removing stm32l0xx_hal_rcc.o(i.HAL_RCC_CSSCallback), (2 bytes).
    Removing stm32l0xx_hal_rcc.o(i.HAL_RCC_DeInit), (108 bytes).
    Removing stm32l0xx_hal_rcc.o(i.HAL_RCC_EnableCSS), (20 bytes).
    Removing stm32l0xx_hal_rcc.o(i.HAL_RCC_GetClockConfig), (64 bytes).
    Removing stm32l0xx_hal_rcc.o(i.HAL_RCC_GetOscConfig), (192 bytes).
    Removing stm32l0xx_hal_rcc.o(i.HAL_RCC_GetPCLK1Freq), (32 bytes).
    Removing stm32l0xx_hal_rcc.o(i.HAL_RCC_GetPCLK2Freq), (32 bytes).
    Removing stm32l0xx_hal_rcc.o(i.HAL_RCC_MCOConfig), (96 bytes).
    Removing stm32l0xx_hal_rcc.o(i.HAL_RCC_NMI_IRQHandler), (24 bytes).
    Removing stm32l0xx_hal_dma.o(.rev16_text), (4 bytes).
    Removing stm32l0xx_hal_dma.o(.revsh_text), (4 bytes).
    Removing stm32l0xx_hal_dma.o(i.DMA_SetConfig), (30 bytes).
    Removing stm32l0xx_hal_dma.o(i.HAL_DMA_Abort), (76 bytes).
    Removing stm32l0xx_hal_dma.o(i.HAL_DMA_DeInit), (468 bytes).
    Removing stm32l0xx_hal_dma.o(i.HAL_DMA_GetError), (4 bytes).
    Removing stm32l0xx_hal_dma.o(i.HAL_DMA_GetState), (6 bytes).
    Removing stm32l0xx_hal_dma.o(i.HAL_DMA_IRQHandler), (640 bytes).
    Removing stm32l0xx_hal_dma.o(i.HAL_DMA_Init), (264 bytes).
    Removing stm32l0xx_hal_dma.o(i.HAL_DMA_PollForTransfer), (616 bytes).
    Removing stm32l0xx_hal_dma.o(i.HAL_DMA_Start), (50 bytes).
    Removing stm32l0xx_hal_dma.o(i.HAL_DMA_Start_IT), (78 bytes).
    Removing stm32l0xx_hal_tim_ex.o(.rev16_text), (4 bytes).
    Removing stm32l0xx_hal_tim_ex.o(.revsh_text), (4 bytes).
    Removing stm32l0xx_hal_i2c.o(.rev16_text), (4 bytes).
    Removing stm32l0xx_hal_i2c.o(.revsh_text), (4 bytes).
    Removing stm32l0xx_hal_i2c.o(i.HAL_I2C_DeInit), (52 bytes).
    Removing stm32l0xx_hal_i2c.o(i.HAL_I2C_DisableListen_IT), (48 bytes).
    Removing stm32l0xx_hal_i2c.o(i.HAL_I2C_EV_IRQHandler), (16 bytes).
    Removing stm32l0xx_hal_i2c.o(i.HAL_I2C_EnableListen_IT), (40 bytes).
    Removing stm32l0xx_hal_i2c.o(i.HAL_I2C_GetError), (4 bytes).
    Removing stm32l0xx_hal_i2c.o(i.HAL_I2C_GetMode), (6 bytes).
    Removing stm32l0xx_hal_i2c.o(i.HAL_I2C_GetState), (6 bytes).
    Removing stm32l0xx_hal_i2c.o(i.HAL_I2C_IsDeviceReady), (284 bytes).
    Removing stm32l0xx_hal_i2c.o(i.HAL_I2C_MasterRxCpltCallback), (2 bytes).
    Removing stm32l0xx_hal_i2c.o(i.HAL_I2C_MasterTxCpltCallback), (2 bytes).
    Removing stm32l0xx_hal_i2c.o(i.HAL_I2C_Master_Abort_IT), (88 bytes).
    Removing stm32l0xx_hal_i2c.o(i.HAL_I2C_Master_Receive), (280 bytes).
    Removing stm32l0xx_hal_i2c.o(i.HAL_I2C_Master_Receive_DMA), (236 bytes).
    Removing stm32l0xx_hal_i2c.o(i.HAL_I2C_Master_Receive_IT), (124 bytes).
    Removing stm32l0xx_hal_i2c.o(i.HAL_I2C_Master_Sequential_Receive_IT), (116 bytes).
    Removing stm32l0xx_hal_i2c.o(i.HAL_I2C_Master_Sequential_Transmit_IT), (116 bytes).
    Removing stm32l0xx_hal_i2c.o(i.HAL_I2C_Master_Transmit), (280 bytes).
    Removing stm32l0xx_hal_i2c.o(i.HAL_I2C_Master_Transmit_DMA), (240 bytes).
    Removing stm32l0xx_hal_i2c.o(i.HAL_I2C_Master_Transmit_IT), (124 bytes).
    Removing stm32l0xx_hal_i2c.o(i.HAL_I2C_MemRxCpltCallback), (2 bytes).
    Removing stm32l0xx_hal_i2c.o(i.HAL_I2C_MemTxCpltCallback), (2 bytes).
    Removing stm32l0xx_hal_i2c.o(i.HAL_I2C_Mem_Read), (344 bytes).
    Removing stm32l0xx_hal_i2c.o(i.HAL_I2C_Mem_Read_DMA), (248 bytes).
    Removing stm32l0xx_hal_i2c.o(i.HAL_I2C_Mem_Read_IT), (188 bytes).
    Removing stm32l0xx_hal_i2c.o(i.HAL_I2C_Mem_Write), (340 bytes).
    Removing stm32l0xx_hal_i2c.o(i.HAL_I2C_Mem_Write_DMA), (244 bytes).
    Removing stm32l0xx_hal_i2c.o(i.HAL_I2C_Mem_Write_IT), (184 bytes).
    Removing stm32l0xx_hal_i2c.o(i.HAL_I2C_MspDeInit), (2 bytes).
    Removing stm32l0xx_hal_i2c.o(i.HAL_I2C_MspInit), (2 bytes).
    Removing stm32l0xx_hal_i2c.o(i.HAL_I2C_Slave_Receive), (292 bytes).
    Removing stm32l0xx_hal_i2c.o(i.HAL_I2C_Slave_Receive_DMA), (156 bytes).
    Removing stm32l0xx_hal_i2c.o(i.HAL_I2C_Slave_Receive_IT), (88 bytes).
    Removing stm32l0xx_hal_i2c.o(i.HAL_I2C_Slave_Sequential_Receive_IT), (144 bytes).
    Removing stm32l0xx_hal_i2c.o(i.HAL_I2C_Slave_Sequential_Transmit_IT), (144 bytes).
    Removing stm32l0xx_hal_i2c.o(i.HAL_I2C_Slave_Transmit), (300 bytes).
    Removing stm32l0xx_hal_i2c.o(i.HAL_I2C_Slave_Transmit_DMA), (156 bytes).
    Removing stm32l0xx_hal_i2c.o(i.HAL_I2C_Slave_Transmit_IT), (88 bytes).
    Removing stm32l0xx_hal_i2c.o(i.I2C_DMAError), (24 bytes).
    Removing stm32l0xx_hal_i2c.o(i.I2C_DMAMasterReceiveCplt), (68 bytes).
    Removing stm32l0xx_hal_i2c.o(i.I2C_DMAMasterTransmitCplt), (68 bytes).
    Removing stm32l0xx_hal_i2c.o(i.I2C_DMASlaveReceiveCplt), (2 bytes).
    Removing stm32l0xx_hal_i2c.o(i.I2C_DMASlaveTransmitCplt), (2 bytes).
    Removing stm32l0xx_hal_i2c.o(i.I2C_Enable_IRQ), (100 bytes).
    Removing stm32l0xx_hal_i2c.o(i.I2C_ITMasterCplt), (160 bytes).
    Removing stm32l0xx_hal_i2c.o(i.I2C_ITMasterSequentialCplt), (70 bytes).
    Removing stm32l0xx_hal_i2c.o(i.I2C_IsAcknowledgeFailed), (116 bytes).
    Removing stm32l0xx_hal_i2c.o(i.I2C_Master_ISR_DMA), (194 bytes).
    Removing stm32l0xx_hal_i2c.o(i.I2C_Master_ISR_IT), (296 bytes).
    Removing stm32l0xx_hal_i2c.o(i.I2C_RequestMemoryRead), (106 bytes).
    Removing stm32l0xx_hal_i2c.o(i.I2C_RequestMemoryWrite), (106 bytes).
    Removing stm32l0xx_hal_i2c.o(i.I2C_Slave_ISR_DMA), (104 bytes).
    Removing stm32l0xx_hal_i2c.o(i.I2C_TransferConfig), (36 bytes).
    Removing stm32l0xx_hal_i2c.o(i.I2C_WaitOnFlagUntilTimeout), (72 bytes).
    Removing stm32l0xx_hal_i2c.o(i.I2C_WaitOnRXNEFlagUntilTimeout), (120 bytes).
    Removing stm32l0xx_hal_i2c.o(i.I2C_WaitOnSTOPFlagUntilTimeout), (78 bytes).
    Removing stm32l0xx_hal_i2c.o(i.I2C_WaitOnTXISFlagUntilTimeout), (82 bytes).
    Removing stm32l0xx_hal_flash.o(.rev16_text), (4 bytes).
    Removing stm32l0xx_hal_flash.o(.revsh_text), (4 bytes).
    Removing stm32l0xx_hal_flash.o(i.FLASH_SetErrorCode), (144 bytes).
    Removing stm32l0xx_hal_flash.o(i.FLASH_WaitForLastOperation), (112 bytes).
    Removing stm32l0xx_hal_flash.o(i.HAL_FLASH_EndOfOperationCallback), (2 bytes).
    Removing stm32l0xx_hal_flash.o(i.HAL_FLASH_GetError), (12 bytes).
    Removing stm32l0xx_hal_flash.o(i.HAL_FLASH_IRQHandler), (220 bytes).
    Removing stm32l0xx_hal_flash.o(i.HAL_FLASH_Lock), (20 bytes).
    Removing stm32l0xx_hal_flash.o(i.HAL_FLASH_OB_Launch), (32 bytes).
    Removing stm32l0xx_hal_flash.o(i.HAL_FLASH_OB_Lock), (20 bytes).
    Removing stm32l0xx_hal_flash.o(i.HAL_FLASH_OB_Unlock), (60 bytes).
    Removing stm32l0xx_hal_flash.o(i.HAL_FLASH_OperationErrorCallback), (2 bytes).
    Removing stm32l0xx_hal_flash.o(i.HAL_FLASH_Program), (60 bytes).
    Removing stm32l0xx_hal_flash.o(i.HAL_FLASH_Program_IT), (60 bytes).
    Removing stm32l0xx_hal_flash.o(i.HAL_FLASH_Unlock), (60 bytes).
    Removing stm32l0xx_hal_flash.o(.bss), (24 bytes).
    Removing main.o(.rev16_text), (4 bytes).
    Removing main.o(.revsh_text), (4 bytes).
    Removing main.o(i._Error_Handler), (2 bytes).
    Removing stm32l0xx_it.o(.rev16_text), (4 bytes).
    Removing stm32l0xx_it.o(.revsh_text), (4 bytes).
    Removing stm32l0xx_hal_msp.o(.rev16_text), (4 bytes).
    Removing stm32l0xx_hal_msp.o(.revsh_text), (4 bytes).
    Removing stm32l0xx_hal_msp.o(i.HAL_ADC_MspDeInit), (44 bytes).
    Removing stm32l0xx_hal_msp.o(i.HAL_I2C_MspDeInit), (80 bytes).
    Removing module_initialization.o(.rev16_text), (4 bytes).
    Removing module_initialization.o(.revsh_text), (4 bytes).
    Removing module_master_cdr.o(.rev16_text), (4 bytes).
    Removing module_master_cdr.o(.revsh_text), (4 bytes).
    Removing module_master_cdr.o(i.AssertRxLOS), (2 bytes).
    Removing module_master_cdr.o(i.DisableRxCDR), (20 bytes).
    Removing module_master_cdr.o(i.DisableTxCDR_DRIVER), (18 bytes).
    Removing module_master_cdr.o(i.LOSPowerUp), (68 bytes).
    Removing module_master_cdr.o(i.PowerUp), (68 bytes).
    Removing module_master_driver_i2c.o(.rev16_text), (4 bytes).
    Removing module_master_driver_i2c.o(.revsh_text), (4 bytes).
    Removing module_master_driver_i2c.o(i.DisableCrossingPointAdj), (332 bytes).
    Removing module_master_driver_i2c.o(i.DisableEqulizer), (332 bytes).
    Removing module_master_driver_i2c.o(i.EnableCrossingPointAdj), (320 bytes).
    Removing module_master_driver_i2c.o(i.EnableEqulizer), (320 bytes).
    Removing module_master_driver_i2c.o(i.GetTxStatus), (80 bytes).
    Removing module_master_driver_i2c.o(i.SetCrossingPointAdj), (408 bytes).
    Removing module_master_driver_i2c.o(i.SetCurrentMonitor), (116 bytes).
    Removing module_master_driver_i2c.o(i.SetEqulizationMag), (416 bytes).
    Removing module_master_driver_i2c.o(i.SetEqulizationPhase), (416 bytes).
    Removing module_master_driver_i2c.o(i.SetLDD_EYE_OPT), (144 bytes).
    Removing module_master_driver_i2c.o(i.SetTxBiasSinkCurrent), (348 bytes).
    Removing module_master_driver_i2c.o(i.SetTxModulationCurrent), (348 bytes).
    Removing module_master_driver_i2c.o(i.TxDisable), (164 bytes).
    Removing module_master_driver_i2c.o(i.TxEnable), (160 bytes).
    Removing module_master_driver_i2c.o(.data), (3 bytes).
    Removing module_memmap.o(.rev16_text), (4 bytes).
    Removing module_memmap.o(.revsh_text), (4 bytes).
    Removing module_memmap.o(i.Is_MemMap_Error), (16 bytes).
    Removing module_slave_i2c.o(.rev16_text), (4 bytes).
    Removing module_slave_i2c.o(.revsh_text), (4 bytes).
    Removing module_mcu.o(.rev16_text), (4 bytes).
    Removing module_mcu.o(.revsh_text), (4 bytes).
    Removing module_mcu.o(i.ADC_Update), (16 bytes).
    Removing module_mcu.o(i.GetIBias), (32 bytes).
    Removing module_mcu.o(i.GetIntL), (16 bytes).
    Removing module_mcu.o(i.GetRSSI1), (32 bytes).
    Removing module_mcu.o(i.GetRSSI2), (32 bytes).
    Removing module_mcu.o(i.GetRSSI3), (32 bytes).
    Removing module_mcu.o(i.GetRSSI4), (32 bytes).
    Removing module_mcu.o(i.GetTx_Pin_DIS), (16 bytes).
    Removing module_mcu.o(i.Load_Data), (12 bytes).
    Removing module_mcu.o(i.Save_Data), (12 bytes).
    Removing module_mcu.o(i.SetLatchTempHighAlarm), (2 bytes).
    Removing module_mcu.o(i.Tx_Pin_Disable), (16 bytes).
    Removing module_mcu.o(i.Tx_Pin_Enable), (18 bytes).
    Removing startup_stm32l052xx.o(HEAP), (512 bytes).
    Removing system_stm32l0xx.o(.rev16_text), (4 bytes).
    Removing system_stm32l0xx.o(.revsh_text), (4 bytes).
    Removing system_stm32l0xx.o(i.SystemCoreClockUpdate), (136 bytes).
    Removing system_stm32l0xx.o(.constdata), (8 bytes).
    Removing dmul.o(.text), (208 bytes).
    Removing ddiv.o(.text), (240 bytes).
    Removing dfixui.o(.text), (60 bytes).
    Removing depilogue.o(.text), (190 bytes).
    Removing depilogue.o(i.__ARM_clz), (46 bytes).

311 unused section(s) (total 22337 bytes) removed from the image.

==============================================================================

Image Symbol Table

    Local Symbols

    Symbol Name                              Value     Ov Type        Size  Object(Section)

    ../Drivers/STM32L0xx_HAL_Driver/Src/stm32l0xx_hal.c 0x00000000   Number         0  stm32l0xx_hal.o ABSOLUTE
    ../Drivers/STM32L0xx_HAL_Driver/Src/stm32l0xx_hal_adc.c 0x00000000   Number         0  stm32l0xx_hal_adc.o ABSOLUTE
    ../Drivers/STM32L0xx_HAL_Driver/Src/stm32l0xx_hal_adc_ex.c 0x00000000   Number         0  stm32l0xx_hal_adc_ex.o ABSOLUTE
    ../Drivers/STM32L0xx_HAL_Driver/Src/stm32l0xx_hal_cortex.c 0x00000000   Number         0  stm32l0xx_hal_cortex.o ABSOLUTE
    ../Drivers/STM32L0xx_HAL_Driver/Src/stm32l0xx_hal_dma.c 0x00000000   Number         0  stm32l0xx_hal_dma.o ABSOLUTE
    ../Drivers/STM32L0xx_HAL_Driver/Src/stm32l0xx_hal_flash.c 0x00000000   Number         0  stm32l0xx_hal_flash.o ABSOLUTE
    ../Drivers/STM32L0xx_HAL_Driver/Src/stm32l0xx_hal_flash_ex.c 0x00000000   Number         0  stm32l0xx_hal_flash_ex.o ABSOLUTE
    ../Drivers/STM32L0xx_HAL_Driver/Src/stm32l0xx_hal_flash_ramfunc.c 0x00000000   Number         0  stm32l0xx_hal_flash_ramfunc.o ABSOLUTE
    ../Drivers/STM32L0xx_HAL_Driver/Src/stm32l0xx_hal_gpio.c 0x00000000   Number         0  stm32l0xx_hal_gpio.o ABSOLUTE
    ../Drivers/STM32L0xx_HAL_Driver/Src/stm32l0xx_hal_i2c.c 0x00000000   Number         0  stm32l0xx_hal_i2c.o ABSOLUTE
    ../Drivers/STM32L0xx_HAL_Driver/Src/stm32l0xx_hal_i2c_ex.c 0x00000000   Number         0  stm32l0xx_hal_i2c_ex.o ABSOLUTE
    ../Drivers/STM32L0xx_HAL_Driver/Src/stm32l0xx_hal_pwr.c 0x00000000   Number         0  stm32l0xx_hal_pwr.o ABSOLUTE
    ../Drivers/STM32L0xx_HAL_Driver/Src/stm32l0xx_hal_pwr_ex.c 0x00000000   Number         0  stm32l0xx_hal_pwr_ex.o ABSOLUTE
    ../Drivers/STM32L0xx_HAL_Driver/Src/stm32l0xx_hal_rcc.c 0x00000000   Number         0  stm32l0xx_hal_rcc.o ABSOLUTE
    ../Drivers/STM32L0xx_HAL_Driver/Src/stm32l0xx_hal_rcc_ex.c 0x00000000   Number         0  stm32l0xx_hal_rcc_ex.o ABSOLUTE
    ../Drivers/STM32L0xx_HAL_Driver/Src/stm32l0xx_hal_tim.c 0x00000000   Number         0  stm32l0xx_hal_tim.o ABSOLUTE
    ../Drivers/STM32L0xx_HAL_Driver/Src/stm32l0xx_hal_tim_ex.c 0x00000000   Number         0  stm32l0xx_hal_tim_ex.o ABSOLUTE
    ../Src/main.c                            0x00000000   Number         0  main.o ABSOLUTE
    ../Src/stm32l0xx_hal_msp.c               0x00000000   Number         0  stm32l0xx_hal_msp.o ABSOLUTE
    ../Src/stm32l0xx_it.c                    0x00000000   Number         0  stm32l0xx_it.o ABSOLUTE
    ../Src/system_stm32l0xx.c                0x00000000   Number         0  system_stm32l0xx.o ABSOLUTE
    ../clib/microlib/division.c              0x00000000   Number         0  uidiv.o ABSOLUTE
    ../clib/microlib/init/entry.s            0x00000000   Number         0  entry9b.o ABSOLUTE
    ../clib/microlib/init/entry.s            0x00000000   Number         0  entry9a.o ABSOLUTE
    ../clib/microlib/init/entry.s            0x00000000   Number         0  entry8b.o ABSOLUTE
    ../clib/microlib/init/entry.s            0x00000000   Number         0  entry.o ABSOLUTE
    ../clib/microlib/init/entry.s            0x00000000   Number         0  entry7b.o ABSOLUTE
    ../clib/microlib/init/entry.s            0x00000000   Number         0  entry7a.o ABSOLUTE
    ../clib/microlib/init/entry.s            0x00000000   Number         0  entry5.o ABSOLUTE
    ../clib/microlib/init/entry.s            0x00000000   Number         0  entry11b.o ABSOLUTE
    ../clib/microlib/init/entry.s            0x00000000   Number         0  entry2.o ABSOLUTE
    ../clib/microlib/init/entry.s            0x00000000   Number         0  entry11a.o ABSOLUTE
    ../clib/microlib/init/entry.s            0x00000000   Number         0  entry10b.o ABSOLUTE
    ../clib/microlib/init/entry.s            0x00000000   Number         0  entry10a.o ABSOLUTE
    ../clib/microlib/init/entry.s            0x00000000   Number         0  entry8a.o ABSOLUTE
    ../clib/microlib/longlong.c              0x00000000   Number         0  llushr.o ABSOLUTE
    ../clib/microlib/longlong.c              0x00000000   Number         0  llshl.o ABSOLUTE
    ../clib/microlib/string/memset.c         0x00000000   Number         0  memseta.o ABSOLUTE
    ../clib/microlib/stubs.s                 0x00000000   Number         0  iusefp.o ABSOLUTE
    ../fplib/microlib/fpdiv.c                0x00000000   Number         0  ddiv.o ABSOLUTE
    ../fplib/microlib/fpepilogue.c           0x00000000   Number         0  depilogue.o ABSOLUTE
    ../fplib/microlib/fpfix.c                0x00000000   Number         0  dfixui.o ABSOLUTE
    ../fplib/microlib/fpmul.c                0x00000000   Number         0  dmul.o ABSOLUTE
    ..\Drivers\STM32L0xx_HAL_Driver\Src\stm32l0xx_hal.c 0x00000000   Number         0  stm32l0xx_hal.o ABSOLUTE
    ..\Drivers\STM32L0xx_HAL_Driver\Src\stm32l0xx_hal_adc.c 0x00000000   Number         0  stm32l0xx_hal_adc.o ABSOLUTE
    ..\Drivers\STM32L0xx_HAL_Driver\Src\stm32l0xx_hal_adc_ex.c 0x00000000   Number         0  stm32l0xx_hal_adc_ex.o ABSOLUTE
    ..\Drivers\STM32L0xx_HAL_Driver\Src\stm32l0xx_hal_cortex.c 0x00000000   Number         0  stm32l0xx_hal_cortex.o ABSOLUTE
    ..\Drivers\STM32L0xx_HAL_Driver\Src\stm32l0xx_hal_dma.c 0x00000000   Number         0  stm32l0xx_hal_dma.o ABSOLUTE
    ..\Drivers\STM32L0xx_HAL_Driver\Src\stm32l0xx_hal_flash.c 0x00000000   Number         0  stm32l0xx_hal_flash.o ABSOLUTE
    ..\Drivers\STM32L0xx_HAL_Driver\Src\stm32l0xx_hal_flash_ex.c 0x00000000   Number         0  stm32l0xx_hal_flash_ex.o ABSOLUTE
    ..\Drivers\STM32L0xx_HAL_Driver\Src\stm32l0xx_hal_flash_ramfunc.c 0x00000000   Number         0  stm32l0xx_hal_flash_ramfunc.o ABSOLUTE
    ..\Drivers\STM32L0xx_HAL_Driver\Src\stm32l0xx_hal_gpio.c 0x00000000   Number         0  stm32l0xx_hal_gpio.o ABSOLUTE
    ..\Drivers\STM32L0xx_HAL_Driver\Src\stm32l0xx_hal_i2c.c 0x00000000   Number         0  stm32l0xx_hal_i2c.o ABSOLUTE
    ..\Drivers\STM32L0xx_HAL_Driver\Src\stm32l0xx_hal_i2c_ex.c 0x00000000   Number         0  stm32l0xx_hal_i2c_ex.o ABSOLUTE
    ..\Drivers\STM32L0xx_HAL_Driver\Src\stm32l0xx_hal_pwr.c 0x00000000   Number         0  stm32l0xx_hal_pwr.o ABSOLUTE
    ..\Drivers\STM32L0xx_HAL_Driver\Src\stm32l0xx_hal_pwr_ex.c 0x00000000   Number         0  stm32l0xx_hal_pwr_ex.o ABSOLUTE
    ..\Drivers\STM32L0xx_HAL_Driver\Src\stm32l0xx_hal_rcc.c 0x00000000   Number         0  stm32l0xx_hal_rcc.o ABSOLUTE
    ..\Drivers\STM32L0xx_HAL_Driver\Src\stm32l0xx_hal_rcc_ex.c 0x00000000   Number         0  stm32l0xx_hal_rcc_ex.o ABSOLUTE
    ..\Drivers\STM32L0xx_HAL_Driver\Src\stm32l0xx_hal_tim.c 0x00000000   Number         0  stm32l0xx_hal_tim.o ABSOLUTE
    ..\Drivers\STM32L0xx_HAL_Driver\Src\stm32l0xx_hal_tim_ex.c 0x00000000   Number         0  stm32l0xx_hal_tim_ex.o ABSOLUTE
    ..\Src\Module_Initialization.c           0x00000000   Number         0  module_initialization.o ABSOLUTE
    ..\Src\Module_MCU.c                      0x00000000   Number         0  module_mcu.o ABSOLUTE
    ..\Src\Module_Master_CDR.c               0x00000000   Number         0  module_master_cdr.o ABSOLUTE
    ..\Src\Module_Master_Driver_I2C.c        0x00000000   Number         0  module_master_driver_i2c.o ABSOLUTE
    ..\Src\Module_MemMap.c                   0x00000000   Number         0  module_memmap.o ABSOLUTE
    ..\Src\Module_Slave_I2C.c                0x00000000   Number         0  module_slave_i2c.o ABSOLUTE
    ..\Src\main.c                            0x00000000   Number         0  main.o ABSOLUTE
    ..\Src\stm32l0xx_hal_msp.c               0x00000000   Number         0  stm32l0xx_hal_msp.o ABSOLUTE
    ..\Src\stm32l0xx_it.c                    0x00000000   Number         0  stm32l0xx_it.o ABSOLUTE
    ..\Src\system_stm32l0xx.c                0x00000000   Number         0  system_stm32l0xx.o ABSOLUTE
    ..\\Src\\Module_Initialization.c         0x00000000   Number         0  module_initialization.o ABSOLUTE
    ..\\Src\\Module_MCU.c                    0x00000000   Number         0  module_mcu.o ABSOLUTE
    ..\\Src\\Module_Master_CDR.c             0x00000000   Number         0  module_master_cdr.o ABSOLUTE
    ..\\Src\\Module_Master_Driver_I2C.c      0x00000000   Number         0  module_master_driver_i2c.o ABSOLUTE
    ..\\Src\\Module_MemMap.c                 0x00000000   Number         0  module_memmap.o ABSOLUTE
    ..\\Src\\Module_Slave_I2C.c              0x00000000   Number         0  module_slave_i2c.o ABSOLUTE
    dc.s                                     0x00000000   Number         0  dc.o ABSOLUTE
    handlers.s                               0x00000000   Number         0  handlers.o ABSOLUTE
    init.s                                   0x00000000   Number         0  init.o ABSOLUTE
    startup_stm32l052xx.s                    0x00000000   Number         0  startup_stm32l052xx.o ABSOLUTE
    RESET                                    0x08000000   Section      192  startup_stm32l052xx.o(RESET)
    .ARM.Collect$$$$00000000                 0x080000c0   Section        0  entry.o(.ARM.Collect$$$$00000000)
    .ARM.Collect$$$$00000001                 0x080000c0   Section        4  entry2.o(.ARM.Collect$$$$00000001)
    .ARM.Collect$$$$00000004                 0x080000c4   Section        4  entry5.o(.ARM.Collect$$$$00000004)
    .ARM.Collect$$$$00000008                 0x080000c8   Section        0  entry7b.o(.ARM.Collect$$$$00000008)
    .ARM.Collect$$$$0000000A                 0x080000c8   Section        0  entry8b.o(.ARM.Collect$$$$0000000A)
    .ARM.Collect$$$$0000000B                 0x080000c8   Section        8  entry9a.o(.ARM.Collect$$$$0000000B)
    .ARM.Collect$$$$0000000D                 0x080000d0   Section        0  entry10a.o(.ARM.Collect$$$$0000000D)
    .ARM.Collect$$$$0000000F                 0x080000d0   Section        0  entry11a.o(.ARM.Collect$$$$0000000F)
    .ARM.Collect$$$$00002712                 0x080000d0   Section        4  entry2.o(.ARM.Collect$$$$00002712)
    __lit__00000000                          0x080000d0   Data           4  entry2.o(.ARM.Collect$$$$00002712)
    .text                                    0x080000d4   Section       28  startup_stm32l052xx.o(.text)
    .text                                    0x080000f0   Section        0  uidiv.o(.text)
    .text                                    0x0800011c   Section       36  init.o(.text)
    i.ADC1_COMP_IRQHandler                   0x08000140   Section        0  stm32l0xx_it.o(i.ADC1_COMP_IRQHandler)
    i.ADC_ConversionStop                     0x08000150   Section        0  stm32l0xx_hal_adc.o(i.ADC_ConversionStop)
    ADC_ConversionStop                       0x08000151   Thumb Code    82  stm32l0xx_hal_adc.o(i.ADC_ConversionStop)
    i.ADC_DelayMicroSecond                   0x080001a4   Section        0  stm32l0xx_hal_adc.o(i.ADC_DelayMicroSecond)
    ADC_DelayMicroSecond                     0x080001a5   Thumb Code    28  stm32l0xx_hal_adc.o(i.ADC_DelayMicroSecond)
    i.ADC_Disable                            0x080001c8   Section        0  stm32l0xx_hal_adc.o(i.ADC_Disable)
    ADC_Disable                              0x080001c9   Thumb Code    96  stm32l0xx_hal_adc.o(i.ADC_Disable)
    i.ADC_Enable                             0x08000228   Section        0  stm32l0xx_hal_adc.o(i.ADC_Enable)
    ADC_Enable                               0x08000229   Thumb Code    96  stm32l0xx_hal_adc.o(i.ADC_Enable)
    i.AssertRxLOL                            0x0800028c   Section        0  module_master_cdr.o(i.AssertRxLOL)
    i.AssertTxLOSLOL                         0x0800028e   Section        0  module_master_cdr.o(i.AssertTxLOSLOL)
    i.Assert_IntL                            0x08000290   Section        0  module_mcu.o(i.Assert_IntL)
    i.ClearLatchTempHighAlarm                0x080002b4   Section        0  module_mcu.o(i.ClearLatchTempHighAlarm)
    i.ClearLatchTxfault                      0x080002c0   Section        0  module_master_cdr.o(i.ClearLatchTxfault)
    i.Data_Not_Ready                         0x080002d4   Section        0  module_mcu.o(i.Data_Not_Ready)
    i.Data_Ready                             0x080002e8   Section        0  module_mcu.o(i.Data_Ready)
    i.Deassert_IntL                          0x080002fc   Section        0  module_mcu.o(i.Deassert_IntL)
    i.EXTI2_3_IRQHandler                     0x08000320   Section        0  stm32l0xx_it.o(i.EXTI2_3_IRQHandler)
    i.EXTI4_15_IRQHandler                    0x08000338   Section        0  stm32l0xx_it.o(i.EXTI4_15_IRQHandler)
    i.EmptyBuffer                            0x080003b8   Section        0  module_mcu.o(i.EmptyBuffer)
    i.GetLatchTempHighAlarm                  0x080003c8   Section        0  module_mcu.o(i.GetLatchTempHighAlarm)
    i.GetLatchTxFault                        0x080003d4   Section        0  module_master_cdr.o(i.GetLatchTxFault)
    i.GetRxLOLPin                            0x080003f4   Section        0  module_master_cdr.o(i.GetRxLOLPin)
    i.GetRxLOSPin                            0x08000404   Section        0  module_master_cdr.o(i.GetRxLOSPin)
    i.GetTemperature                         0x08000418   Section        0  module_mcu.o(i.GetTemperature)
    i.GetTxLOSLOLPin                         0x08000438   Section        0  module_master_cdr.o(i.GetTxLOSLOLPin)
    i.HAL_ADC_ConfigChannel                  0x08000448   Section        0  stm32l0xx_hal_adc.o(i.HAL_ADC_ConfigChannel)
    i.HAL_ADC_ConvCpltCallback               0x080004dc   Section        0  module_mcu.o(i.HAL_ADC_ConvCpltCallback)
    i.HAL_ADC_ErrorCallback                  0x0800052c   Section        0  stm32l0xx_hal_adc.o(i.HAL_ADC_ErrorCallback)
    i.HAL_ADC_GetValue                       0x0800052e   Section        0  stm32l0xx_hal_adc.o(i.HAL_ADC_GetValue)
    i.HAL_ADC_IRQHandler                     0x08000534   Section        0  stm32l0xx_hal_adc.o(i.HAL_ADC_IRQHandler)
    i.HAL_ADC_Init                           0x0800060c   Section        0  stm32l0xx_hal_adc.o(i.HAL_ADC_Init)
    i.HAL_ADC_LevelOutOfWindowCallback       0x080007d0   Section        0  stm32l0xx_hal_adc.o(i.HAL_ADC_LevelOutOfWindowCallback)
    i.HAL_ADC_MspInit                        0x080007d4   Section        0  stm32l0xx_hal_msp.o(i.HAL_ADC_MspInit)
    i.HAL_ADC_Start_IT                       0x0800081c   Section        0  stm32l0xx_hal_adc.o(i.HAL_ADC_Start_IT)
    i.HAL_ADC_Stop_IT                        0x08000898   Section        0  stm32l0xx_hal_adc.o(i.HAL_ADC_Stop_IT)
    i.HAL_DMA_Abort_IT                       0x080008e0   Section        0  stm32l0xx_hal_dma.o(i.HAL_DMA_Abort_IT)
    i.HAL_GPIO_EXTI_Callback                 0x08000978   Section        0  stm32l0xx_hal_gpio.o(i.HAL_GPIO_EXTI_Callback)
    i.HAL_GPIO_EXTI_IRQHandler               0x0800097c   Section        0  stm32l0xx_hal_gpio.o(i.HAL_GPIO_EXTI_IRQHandler)
    i.HAL_GPIO_Init                          0x08000994   Section        0  stm32l0xx_hal_gpio.o(i.HAL_GPIO_Init)
    i.HAL_GPIO_ReadPin                       0x08000b0c   Section        0  stm32l0xx_hal_gpio.o(i.HAL_GPIO_ReadPin)
    i.HAL_GPIO_WritePin                      0x08000b16   Section        0  stm32l0xx_hal_gpio.o(i.HAL_GPIO_WritePin)
    i.HAL_GetTick                            0x08000b24   Section        0  stm32l0xx_hal.o(i.HAL_GetTick)
    i.HAL_I2CEx_ConfigAnalogFilter           0x08000b30   Section        0  stm32l0xx_hal_i2c_ex.o(i.HAL_I2CEx_ConfigAnalogFilter)
    i.HAL_I2CEx_ConfigDigitalFilter          0x08000b7a   Section        0  stm32l0xx_hal_i2c_ex.o(i.HAL_I2CEx_ConfigDigitalFilter)
    i.HAL_I2C_AbortCpltCallback              0x08000bc2   Section        0  stm32l0xx_hal_i2c.o(i.HAL_I2C_AbortCpltCallback)
    i.HAL_I2C_AddrCallback                   0x08000bc4   Section        0  stm32l0xx_hal_i2c.o(i.HAL_I2C_AddrCallback)
    i.HAL_I2C_ER_IRQHandler                  0x08000bc6   Section        0  stm32l0xx_hal_i2c.o(i.HAL_I2C_ER_IRQHandler)
    i.HAL_I2C_ErrorCallback                  0x08000c1e   Section        0  stm32l0xx_hal_i2c.o(i.HAL_I2C_ErrorCallback)
    i.HAL_I2C_Init                           0x08000c20   Section        0  stm32l0xx_hal_i2c.o(i.HAL_I2C_Init)
    i.HAL_I2C_ListenCpltCallback             0x08000cd4   Section        0  stm32l0xx_hal_i2c.o(i.HAL_I2C_ListenCpltCallback)
    i.HAL_I2C_MspInit                        0x08000cd8   Section        0  stm32l0xx_hal_msp.o(i.HAL_I2C_MspInit)
    i.HAL_I2C_SlaveRxCpltCallback            0x08000d70   Section        0  stm32l0xx_hal_i2c.o(i.HAL_I2C_SlaveRxCpltCallback)
    i.HAL_I2C_SlaveTxCpltCallback            0x08000d72   Section        0  stm32l0xx_hal_i2c.o(i.HAL_I2C_SlaveTxCpltCallback)
    i.HAL_IncTick                            0x08000d74   Section        0  stm32l0xx_hal.o(i.HAL_IncTick)
    i.HAL_Init                               0x08000d84   Section        0  stm32l0xx_hal.o(i.HAL_Init)
    i.HAL_InitTick                           0x08000da4   Section        0  stm32l0xx_hal.o(i.HAL_InitTick)
    i.HAL_MspInit                            0x08000dcc   Section        0  stm32l0xx_hal_msp.o(i.HAL_MspInit)
    i.HAL_NVIC_EnableIRQ                     0x08000e04   Section        0  stm32l0xx_hal_cortex.o(i.HAL_NVIC_EnableIRQ)
    i.HAL_NVIC_SetPriority                   0x08000e18   Section        0  stm32l0xx_hal_cortex.o(i.HAL_NVIC_SetPriority)
    i.HAL_RCCEx_PeriphCLKConfig              0x08000e20   Section        0  stm32l0xx_hal_rcc_ex.o(i.HAL_RCCEx_PeriphCLKConfig)
    i.HAL_RCC_ClockConfig                    0x08000f98   Section        0  stm32l0xx_hal_rcc.o(i.HAL_RCC_ClockConfig)
    i.HAL_RCC_GetHCLKFreq                    0x08001100   Section        0  stm32l0xx_hal_rcc.o(i.HAL_RCC_GetHCLKFreq)
    i.HAL_RCC_GetSysClockFreq                0x0800110c   Section        0  stm32l0xx_hal_rcc.o(i.HAL_RCC_GetSysClockFreq)
    i.HAL_RCC_OscConfig                      0x08001184   Section        0  stm32l0xx_hal_rcc.o(i.HAL_RCC_OscConfig)
    i.HAL_SYSTICK_CLKSourceConfig            0x080015d8   Section        0  stm32l0xx_hal_cortex.o(i.HAL_SYSTICK_CLKSourceConfig)
    i.HAL_SYSTICK_Callback                   0x080015f0   Section        0  stm32l0xx_hal_cortex.o(i.HAL_SYSTICK_Callback)
    i.HAL_SYSTICK_Config                     0x080015f4   Section        0  stm32l0xx_hal_cortex.o(i.HAL_SYSTICK_Config)
    i.HAL_SYSTICK_IRQHandler                 0x08001624   Section        0  stm32l0xx_hal_cortex.o(i.HAL_SYSTICK_IRQHandler)
    i.HardFault_Handler                      0x0800162c   Section        0  stm32l0xx_it.o(i.HardFault_Handler)
    i.I2C1_IRQHandler                        0x08001630   Section        0  stm32l0xx_it.o(i.I2C1_IRQHandler)
    i.I2C_DMAAbort                           0x08001650   Section        0  stm32l0xx_hal_i2c.o(i.I2C_DMAAbort)
    I2C_DMAAbort                             0x08001651   Thumb Code    52  stm32l0xx_hal_i2c.o(i.I2C_DMAAbort)
    i.I2C_Disable_IRQ                        0x08001684   Section        0  stm32l0xx_hal_i2c.o(i.I2C_Disable_IRQ)
    I2C_Disable_IRQ                          0x08001685   Thumb Code    86  stm32l0xx_hal_i2c.o(i.I2C_Disable_IRQ)
    i.I2C_Flush_TXDR                         0x080016da   Section        0  stm32l0xx_hal_i2c.o(i.I2C_Flush_TXDR)
    I2C_Flush_TXDR                           0x080016db   Thumb Code    34  stm32l0xx_hal_i2c.o(i.I2C_Flush_TXDR)
    i.I2C_ITAddrCplt                         0x080016fc   Section        0  stm32l0xx_hal_i2c.o(i.I2C_ITAddrCplt)
    I2C_ITAddrCplt                           0x080016fd   Thumb Code   122  stm32l0xx_hal_i2c.o(i.I2C_ITAddrCplt)
    i.I2C_ITError                            0x08001778   Section        0  stm32l0xx_hal_i2c.o(i.I2C_ITError)
    I2C_ITError                              0x08001779   Thumb Code   190  stm32l0xx_hal_i2c.o(i.I2C_ITError)
    i.I2C_ITListenCplt                       0x08001844   Section        0  stm32l0xx_hal_i2c.o(i.I2C_ITListenCplt)
    I2C_ITListenCplt                         0x08001845   Thumb Code    90  stm32l0xx_hal_i2c.o(i.I2C_ITListenCplt)
    i.I2C_ITSlaveCplt                        0x080018a4   Section        0  stm32l0xx_hal_i2c.o(i.I2C_ITSlaveCplt)
    I2C_ITSlaveCplt                          0x080018a5   Thumb Code   224  stm32l0xx_hal_i2c.o(i.I2C_ITSlaveCplt)
    i.I2C_ITSlaveSequentialCplt              0x0800198c   Section        0  stm32l0xx_hal_i2c.o(i.I2C_ITSlaveSequentialCplt)
    I2C_ITSlaveSequentialCplt                0x0800198d   Thumb Code    74  stm32l0xx_hal_i2c.o(i.I2C_ITSlaveSequentialCplt)
    i.I2C_Slave_ISR_IT                       0x080019d8   Section        0  stm32l0xx_hal_i2c.o(i.I2C_Slave_ISR_IT)
    I2C_Slave_ISR_IT                         0x080019d9   Thumb Code   274  stm32l0xx_hal_i2c.o(i.I2C_Slave_ISR_IT)
    i.I2C_Slave_Transreceiver_IT_Deinitialize 0x08001af0   Section        0  module_slave_i2c.o(i.I2C_Slave_Transreceiver_IT_Deinitialize)
    i.I2C_Slave_Transreceiver_IT_Initialize  0x08001b20   Section        0  module_slave_i2c.o(i.I2C_Slave_Transreceiver_IT_Initialize)
    i.Internal_Read_MemMap                   0x08001b68   Section        0  module_memmap.o(i.Internal_Read_MemMap)
    i.Internal_Write_MemMap                  0x08001b84   Section        0  module_memmap.o(i.Internal_Write_MemMap)
    i.IsLPMode                               0x08001ba4   Section        0  module_mcu.o(i.IsLPMode)
    i.IsLPMode_Overriade                     0x08001bb4   Section        0  module_mcu.o(i.IsLPMode_Overriade)
    i.IsModSelL                              0x08001bc2   Section        0  module_mcu.o(i.IsModSelL)
    i.LowPowerMode                           0x08001bd2   Section        0  module_mcu.o(i.LowPowerMode)
    i.MX_ADC_Init                            0x08001bd4   Section        0  main.o(i.MX_ADC_Init)
    MX_ADC_Init                              0x08001bd5   Thumb Code   178  main.o(i.MX_ADC_Init)
    i.MX_GPIO_Init                           0x08001ca8   Section        0  main.o(i.MX_GPIO_Init)
    MX_GPIO_Init                             0x08001ca9   Thumb Code   210  main.o(i.MX_GPIO_Init)
    i.MX_I2C1_Init                           0x08001d90   Section        0  main.o(i.MX_I2C1_Init)
    MX_I2C1_Init                             0x08001d91   Thumb Code    72  main.o(i.MX_I2C1_Init)
    i.MX_I2C2_Init                           0x08001de4   Section        0  main.o(i.MX_I2C2_Init)
    MX_I2C2_Init                             0x08001de5   Thumb Code    70  main.o(i.MX_I2C2_Init)
    i.Module_Init_Hardware                   0x08001e38   Section        0  module_initialization.o(i.Module_Init_Hardware)
    i.Module_Init_Register                   0x08001e56   Section        0  module_initialization.o(i.Module_Init_Register)
    i.NMI_Handler                            0x08001eb0   Section        0  stm32l0xx_it.o(i.NMI_Handler)
    i.NVIC_SetPriority                       0x08001eb4   Section        0  stm32l0xx_hal_cortex.o(i.NVIC_SetPriority)
    NVIC_SetPriority                         0x08001eb5   Thumb Code    60  stm32l0xx_hal_cortex.o(i.NVIC_SetPriority)
    i.NormalPowerMode                        0x08001ef8   Section        0  module_mcu.o(i.NormalPowerMode)
    i.PendSV_Handler                         0x08001efa   Section        0  stm32l0xx_it.o(i.PendSV_Handler)
    i.RCC_SetFlashLatencyFromMSIRange        0x08001efc   Section        0  stm32l0xx_hal_rcc.o(i.RCC_SetFlashLatencyFromMSIRange)
    RCC_SetFlashLatencyFromMSIRange          0x08001efd   Thumb Code    94  stm32l0xx_hal_rcc.o(i.RCC_SetFlashLatencyFromMSIRange)
    i.Read_MemMap                            0x08001f6c   Section        0  module_memmap.o(i.Read_MemMap)
    i.SVC_Handler                            0x08001fc4   Section        0  stm32l0xx_it.o(i.SVC_Handler)
    i.SetLatchTxfault                        0x08001fc6   Section        0  module_master_cdr.o(i.SetLatchTxfault)
    i.SysTick_Handler                        0x08001fc8   Section        0  stm32l0xx_it.o(i.SysTick_Handler)
    i.SystemClock_Config                     0x08001fd4   Section        0  main.o(i.SystemClock_Config)
    i.SystemInit                             0x08002058   Section        0  system_stm32l0xx.o(i.SystemInit)
    i.User_I2C_Slave_ISR_IT                  0x080020ac   Section        0  module_slave_i2c.o(i.User_I2C_Slave_ISR_IT)
    User_I2C_Slave_ISR_IT                    0x080020ad   Thumb Code   264  module_slave_i2c.o(i.User_I2C_Slave_ISR_IT)
    i.User_Slave_I2C_EV_IRQHandler           0x080021bc   Section        0  module_slave_i2c.o(i.User_Slave_I2C_EV_IRQHandler)
    i.WakeUpRxCDR                            0x080021cc   Section        0  module_master_cdr.o(i.WakeUpRxCDR)
    i.WakeUpTxCDR_DRIVER                     0x080021e0   Section        0  module_master_cdr.o(i.WakeUpTxCDR_DRIVER)
    i.WhetherIntL                            0x080021f0   Section        0  module_mcu.o(i.WhetherIntL)
    i.Write_MemMap                           0x080021f4   Section        0  module_memmap.o(i.Write_MemMap)
    i.__ARM_common_switch8                   0x08002248   Section        0  module_mcu.o(i.__ARM_common_switch8)
    i.__scatterload_copy                     0x08002262   Section       14  handlers.o(i.__scatterload_copy)
    i.__scatterload_null                     0x08002270   Section        2  handlers.o(i.__scatterload_null)
    i.__scatterload_zeroinit                 0x08002272   Section       14  handlers.o(i.__scatterload_zeroinit)
    i.main                                   0x08002280   Section        0  main.o(i.main)
    .constdata                               0x080022b8   Section       25  system_stm32l0xx.o(.constdata)
    .data                                    0x20000000   Section        4  stm32l0xx_hal.o(.data)
    .data                                    0x20000004   Section        5  module_master_cdr.o(.data)
    Latch_Tx1_Fault                          0x20000004   Data           1  module_master_cdr.o(.data)
    Latch_Tx2_Fault                          0x20000005   Data           1  module_master_cdr.o(.data)
    Latch_Tx3_Fault                          0x20000006   Data           1  module_master_cdr.o(.data)
    Latch_Tx4_Fault                          0x20000007   Data           1  module_master_cdr.o(.data)
    temp_reg                                 0x20000008   Data           1  module_master_cdr.o(.data)
    .data                                    0x20000009   Section        1  module_memmap.o(.data)
    status_code                              0x20000009   Data           1  module_memmap.o(.data)
    .data                                    0x2000000a   Section        1  module_slave_i2c.o(.data)
    Buffer_Internal_Address                  0x2000000a   Data           1  module_slave_i2c.o(.data)
    .data                                    0x2000000c   Section       16  module_mcu.o(.data)
    latch_temp_high_alarm                    0x2000000c   Data           1  module_mcu.o(.data)
    ADC_Sequence                             0x2000000d   Data           1  module_mcu.o(.data)
    ADC_Complete                             0x2000000e   Data           1  module_mcu.o(.data)
    RSSI1_Value                              0x20000010   Data           2  module_mcu.o(.data)
    RSSI2_Value                              0x20000012   Data           2  module_mcu.o(.data)
    RSSI3_Value                              0x20000014   Data           2  module_mcu.o(.data)
    IBias_Mon_Value                          0x20000016   Data           2  module_mcu.o(.data)
    RSSI4_Value                              0x20000018   Data           2  module_mcu.o(.data)
    Temp_Reg_Value                           0x2000001a   Data           2  module_mcu.o(.data)
    .data                                    0x2000001c   Section        4  system_stm32l0xx.o(.data)
    .bss                                     0x20000020   Section      248  main.o(.bss)
    .bss                                     0x20000118   Section      256  module_memmap.o(.bss)
    MemMap_Array                             0x20000118   Data         256  module_memmap.o(.bss)
    .bss                                     0x20000218   Section      257  module_slave_i2c.o(.bss)
    TxRxBuffer                               0x20000218   Data         257  module_slave_i2c.o(.bss)
    STACK                                    0x20000320   Section     1024  startup_stm32l052xx.o(STACK)

    Global Symbols

    Symbol Name                              Value     Ov Type        Size  Object(Section)

    BuildAttributes$$THM_ISAv3M$S$PE$A:L22$X:L11$S22$IEEE1$IW$USESV6$~STKCKD$USESV7$~SHL$OSPACE$ROPI$EBA8$MICROLIB$REQ8$PRES8$EABIv2 0x00000000   Number         0  anon$$obj.o ABSOLUTE
    __ARM_use_no_argv                        0x00000000   Number         0  main.o ABSOLUTE
    __cpp_initialize__aeabi_                  - Undefined Weak Reference
    __cxa_finalize                            - Undefined Weak Reference
    __decompress                              - Undefined Weak Reference
    _clock_init                               - Undefined Weak Reference
    _microlib_exit                            - Undefined Weak Reference
    __Vectors_Size                           0x000000c0   Number         0  startup_stm32l052xx.o ABSOLUTE
    __Vectors                                0x08000000   Data           4  startup_stm32l052xx.o(RESET)
    __Vectors_End                            0x080000c0   Data           0  startup_stm32l052xx.o(RESET)
    __main                                   0x080000c1   Thumb Code     0  entry.o(.ARM.Collect$$$$00000000)
    _main_stk                                0x080000c1   Thumb Code     0  entry2.o(.ARM.Collect$$$$00000001)
    _main_scatterload                        0x080000c5   Thumb Code     0  entry5.o(.ARM.Collect$$$$00000004)
    __main_after_scatterload                 0x080000c9   Thumb Code     0  entry5.o(.ARM.Collect$$$$00000004)
    _main_clock                              0x080000c9   Thumb Code     0  entry7b.o(.ARM.Collect$$$$00000008)
    _main_cpp_init                           0x080000c9   Thumb Code     0  entry8b.o(.ARM.Collect$$$$0000000A)
    _main_init                               0x080000c9   Thumb Code     0  entry9a.o(.ARM.Collect$$$$0000000B)
    __rt_final_cpp                           0x080000d1   Thumb Code     0  entry10a.o(.ARM.Collect$$$$0000000D)
    __rt_final_exit                          0x080000d1   Thumb Code     0  entry11a.o(.ARM.Collect$$$$0000000F)
    Reset_Handler                            0x080000d5   Thumb Code     8  startup_stm32l052xx.o(.text)
    DMA1_Channel1_IRQHandler                 0x080000e7   Thumb Code     0  startup_stm32l052xx.o(.text)
    DMA1_Channel2_3_IRQHandler               0x080000e7   Thumb Code     0  startup_stm32l052xx.o(.text)
    DMA1_Channel4_5_6_7_IRQHandler           0x080000e7   Thumb Code     0  startup_stm32l052xx.o(.text)
    EXTI0_1_IRQHandler                       0x080000e7   Thumb Code     0  startup_stm32l052xx.o(.text)
    FLASH_IRQHandler                         0x080000e7   Thumb Code     0  startup_stm32l052xx.o(.text)
    I2C2_IRQHandler                          0x080000e7   Thumb Code     0  startup_stm32l052xx.o(.text)
    LPTIM1_IRQHandler                        0x080000e7   Thumb Code     0  startup_stm32l052xx.o(.text)
    PVD_IRQHandler                           0x080000e7   Thumb Code     0  startup_stm32l052xx.o(.text)
    RCC_CRS_IRQHandler                       0x080000e7   Thumb Code     0  startup_stm32l052xx.o(.text)
    RNG_LPUART1_IRQHandler                   0x080000e7   Thumb Code     0  startup_stm32l052xx.o(.text)
    RTC_IRQHandler                           0x080000e7   Thumb Code     0  startup_stm32l052xx.o(.text)
    SPI1_IRQHandler                          0x080000e7   Thumb Code     0  startup_stm32l052xx.o(.text)
    SPI2_IRQHandler                          0x080000e7   Thumb Code     0  startup_stm32l052xx.o(.text)
    TIM21_IRQHandler                         0x080000e7   Thumb Code     0  startup_stm32l052xx.o(.text)
    TIM22_IRQHandler                         0x080000e7   Thumb Code     0  startup_stm32l052xx.o(.text)
    TIM2_IRQHandler                          0x080000e7   Thumb Code     0  startup_stm32l052xx.o(.text)
    TIM6_DAC_IRQHandler                      0x080000e7   Thumb Code     0  startup_stm32l052xx.o(.text)
    TSC_IRQHandler                           0x080000e7   Thumb Code     0  startup_stm32l052xx.o(.text)
    USART1_IRQHandler                        0x080000e7   Thumb Code     0  startup_stm32l052xx.o(.text)
    USART2_IRQHandler                        0x080000e7   Thumb Code     0  startup_stm32l052xx.o(.text)
    USB_IRQHandler                           0x080000e7   Thumb Code     0  startup_stm32l052xx.o(.text)
    WWDG_IRQHandler                          0x080000e7   Thumb Code     0  startup_stm32l052xx.o(.text)
    __aeabi_uidiv                            0x080000f1   Thumb Code     0  uidiv.o(.text)
    __aeabi_uidivmod                         0x080000f1   Thumb Code    44  uidiv.o(.text)
    __scatterload                            0x0800011d   Thumb Code    28  init.o(.text)
    __scatterload_rt2                        0x0800011d   Thumb Code     0  init.o(.text)
    ADC1_COMP_IRQHandler                     0x08000141   Thumb Code    10  stm32l0xx_it.o(i.ADC1_COMP_IRQHandler)
    AssertRxLOL                              0x0800028d   Thumb Code     2  module_master_cdr.o(i.AssertRxLOL)
    AssertTxLOSLOL                           0x0800028f   Thumb Code     2  module_master_cdr.o(i.AssertTxLOSLOL)
    Assert_IntL                              0x08000291   Thumb Code    30  module_mcu.o(i.Assert_IntL)
    ClearLatchTempHighAlarm                  0x080002b5   Thumb Code     8  module_mcu.o(i.ClearLatchTempHighAlarm)
    ClearLatchTxfault                        0x080002c1   Thumb Code    14  module_master_cdr.o(i.ClearLatchTxfault)
    Data_Not_Ready                           0x080002d5   Thumb Code    20  module_mcu.o(i.Data_Not_Ready)
    Data_Ready                               0x080002e9   Thumb Code    20  module_mcu.o(i.Data_Ready)
    Deassert_IntL                            0x080002fd   Thumb Code    30  module_mcu.o(i.Deassert_IntL)
    EXTI2_3_IRQHandler                       0x08000321   Thumb Code    22  stm32l0xx_it.o(i.EXTI2_3_IRQHandler)
    EXTI4_15_IRQHandler                      0x08000339   Thumb Code   124  stm32l0xx_it.o(i.EXTI4_15_IRQHandler)
    EmptyBuffer                              0x080003b9   Thumb Code    14  module_mcu.o(i.EmptyBuffer)
    GetLatchTempHighAlarm                    0x080003c9   Thumb Code     6  module_mcu.o(i.GetLatchTempHighAlarm)
    GetLatchTxFault                          0x080003d5   Thumb Code    26  module_master_cdr.o(i.GetLatchTxFault)
    GetRxLOLPin                              0x080003f5   Thumb Code    14  module_master_cdr.o(i.GetRxLOLPin)
    GetRxLOSPin                              0x08000405   Thumb Code    14  module_master_cdr.o(i.GetRxLOSPin)
    GetTemperature                           0x08000419   Thumb Code    24  module_mcu.o(i.GetTemperature)
    GetTxLOSLOLPin                           0x08000439   Thumb Code    16  module_master_cdr.o(i.GetTxLOSLOLPin)
    HAL_ADC_ConfigChannel                    0x08000449   Thumb Code   140  stm32l0xx_hal_adc.o(i.HAL_ADC_ConfigChannel)
    HAL_ADC_ConvCpltCallback                 0x080004dd   Thumb Code    76  module_mcu.o(i.HAL_ADC_ConvCpltCallback)
    HAL_ADC_ErrorCallback                    0x0800052d   Thumb Code     2  stm32l0xx_hal_adc.o(i.HAL_ADC_ErrorCallback)
    HAL_ADC_GetValue                         0x0800052f   Thumb Code     6  stm32l0xx_hal_adc.o(i.HAL_ADC_GetValue)
    HAL_ADC_IRQHandler                       0x08000535   Thumb Code   214  stm32l0xx_hal_adc.o(i.HAL_ADC_IRQHandler)
    HAL_ADC_Init                             0x0800060d   Thumb Code   442  stm32l0xx_hal_adc.o(i.HAL_ADC_Init)
    HAL_ADC_LevelOutOfWindowCallback         0x080007d1   Thumb Code     2  stm32l0xx_hal_adc.o(i.HAL_ADC_LevelOutOfWindowCallback)
    HAL_ADC_MspInit                          0x080007d5   Thumb Code    64  stm32l0xx_hal_msp.o(i.HAL_ADC_MspInit)
    HAL_ADC_Start_IT                         0x0800081d   Thumb Code   120  stm32l0xx_hal_adc.o(i.HAL_ADC_Start_IT)
    HAL_ADC_Stop_IT                          0x08000899   Thumb Code    72  stm32l0xx_hal_adc.o(i.HAL_ADC_Stop_IT)
    HAL_DMA_Abort_IT                         0x080008e1   Thumb Code   148  stm32l0xx_hal_dma.o(i.HAL_DMA_Abort_IT)
    HAL_GPIO_EXTI_Callback                   0x08000979   Thumb Code     2  stm32l0xx_hal_gpio.o(i.HAL_GPIO_EXTI_Callback)
    HAL_GPIO_EXTI_IRQHandler                 0x0800097d   Thumb Code    18  stm32l0xx_hal_gpio.o(i.HAL_GPIO_EXTI_IRQHandler)
    HAL_GPIO_Init                            0x08000995   Thumb Code   346  stm32l0xx_hal_gpio.o(i.HAL_GPIO_Init)
    HAL_GPIO_ReadPin                         0x08000b0d   Thumb Code    10  stm32l0xx_hal_gpio.o(i.HAL_GPIO_ReadPin)
    HAL_GPIO_WritePin                        0x08000b17   Thumb Code    12  stm32l0xx_hal_gpio.o(i.HAL_GPIO_WritePin)
    HAL_GetTick                              0x08000b25   Thumb Code     6  stm32l0xx_hal.o(i.HAL_GetTick)
    HAL_I2CEx_ConfigAnalogFilter             0x08000b31   Thumb Code    74  stm32l0xx_hal_i2c_ex.o(i.HAL_I2CEx_ConfigAnalogFilter)
    HAL_I2CEx_ConfigDigitalFilter            0x08000b7b   Thumb Code    72  stm32l0xx_hal_i2c_ex.o(i.HAL_I2CEx_ConfigDigitalFilter)
    HAL_I2C_AbortCpltCallback                0x08000bc3   Thumb Code     2  stm32l0xx_hal_i2c.o(i.HAL_I2C_AbortCpltCallback)
    HAL_I2C_AddrCallback                     0x08000bc5   Thumb Code     2  stm32l0xx_hal_i2c.o(i.HAL_I2C_AddrCallback)
    HAL_I2C_ER_IRQHandler                    0x08000bc7   Thumb Code    88  stm32l0xx_hal_i2c.o(i.HAL_I2C_ER_IRQHandler)
    HAL_I2C_ErrorCallback                    0x08000c1f   Thumb Code     2  stm32l0xx_hal_i2c.o(i.HAL_I2C_ErrorCallback)
    HAL_I2C_Init                             0x08000c21   Thumb Code   176  stm32l0xx_hal_i2c.o(i.HAL_I2C_Init)
    HAL_I2C_ListenCpltCallback               0x08000cd5   Thumb Code     2  stm32l0xx_hal_i2c.o(i.HAL_I2C_ListenCpltCallback)
    HAL_I2C_MspInit                          0x08000cd9   Thumb Code   134  stm32l0xx_hal_msp.o(i.HAL_I2C_MspInit)
    HAL_I2C_SlaveRxCpltCallback              0x08000d71   Thumb Code     2  stm32l0xx_hal_i2c.o(i.HAL_I2C_SlaveRxCpltCallback)
    HAL_I2C_SlaveTxCpltCallback              0x08000d73   Thumb Code     2  stm32l0xx_hal_i2c.o(i.HAL_I2C_SlaveTxCpltCallback)
    HAL_IncTick                              0x08000d75   Thumb Code    10  stm32l0xx_hal.o(i.HAL_IncTick)
    HAL_Init                                 0x08000d85   Thumb Code    26  stm32l0xx_hal.o(i.HAL_Init)
    HAL_InitTick                             0x08000da5   Thumb Code    34  stm32l0xx_hal.o(i.HAL_InitTick)
    HAL_MspInit                              0x08000dcd   Thumb Code    52  stm32l0xx_hal_msp.o(i.HAL_MspInit)
    HAL_NVIC_EnableIRQ                       0x08000e05   Thumb Code    14  stm32l0xx_hal_cortex.o(i.HAL_NVIC_EnableIRQ)
    HAL_NVIC_SetPriority                     0x08000e19   Thumb Code     8  stm32l0xx_hal_cortex.o(i.HAL_NVIC_SetPriority)
    HAL_RCCEx_PeriphCLKConfig                0x08000e21   Thumb Code   362  stm32l0xx_hal_rcc_ex.o(i.HAL_RCCEx_PeriphCLKConfig)
    HAL_RCC_ClockConfig                      0x08000f99   Thumb Code   340  stm32l0xx_hal_rcc.o(i.HAL_RCC_ClockConfig)
    HAL_RCC_GetHCLKFreq                      0x08001101   Thumb Code     6  stm32l0xx_hal_rcc.o(i.HAL_RCC_GetHCLKFreq)
    HAL_RCC_GetSysClockFreq                  0x0800110d   Thumb Code   100  stm32l0xx_hal_rcc.o(i.HAL_RCC_GetSysClockFreq)
    HAL_RCC_OscConfig                        0x08001185   Thumb Code  1106  stm32l0xx_hal_rcc.o(i.HAL_RCC_OscConfig)
    HAL_SYSTICK_CLKSourceConfig              0x080015d9   Thumb Code    20  stm32l0xx_hal_cortex.o(i.HAL_SYSTICK_CLKSourceConfig)
    HAL_SYSTICK_Callback                     0x080015f1   Thumb Code     2  stm32l0xx_hal_cortex.o(i.HAL_SYSTICK_Callback)
    HAL_SYSTICK_Config                       0x080015f5   Thumb Code    38  stm32l0xx_hal_cortex.o(i.HAL_SYSTICK_Config)
    HAL_SYSTICK_IRQHandler                   0x08001625   Thumb Code     8  stm32l0xx_hal_cortex.o(i.HAL_SYSTICK_IRQHandler)
    HardFault_Handler                        0x0800162d   Thumb Code     2  stm32l0xx_it.o(i.HardFault_Handler)
    I2C1_IRQHandler                          0x08001631   Thumb Code    28  stm32l0xx_it.o(i.I2C1_IRQHandler)
    I2C_Slave_Transreceiver_IT_Deinitialize  0x08001af1   Thumb Code    44  module_slave_i2c.o(i.I2C_Slave_Transreceiver_IT_Deinitialize)
    I2C_Slave_Transreceiver_IT_Initialize    0x08001b21   Thumb Code    60  module_slave_i2c.o(i.I2C_Slave_Transreceiver_IT_Initialize)
    Internal_Read_MemMap                     0x08001b69   Thumb Code    20  module_memmap.o(i.Internal_Read_MemMap)
    Internal_Write_MemMap                    0x08001b85   Thumb Code    22  module_memmap.o(i.Internal_Write_MemMap)
    IsLPMode                                 0x08001ba5   Thumb Code    12  module_mcu.o(i.IsLPMode)
    IsLPMode_Overriade                       0x08001bb5   Thumb Code    14  module_mcu.o(i.IsLPMode_Overriade)
    IsModSelL                                0x08001bc3   Thumb Code    16  module_mcu.o(i.IsModSelL)
    LowPowerMode                             0x08001bd3   Thumb Code     2  module_mcu.o(i.LowPowerMode)
    Module_Init_Hardware                     0x08001e39   Thumb Code    30  module_initialization.o(i.Module_Init_Hardware)
    Module_Init_Register                     0x08001e57   Thumb Code    90  module_initialization.o(i.Module_Init_Register)
    NMI_Handler                              0x08001eb1   Thumb Code     2  stm32l0xx_it.o(i.NMI_Handler)
    NormalPowerMode                          0x08001ef9   Thumb Code     2  module_mcu.o(i.NormalPowerMode)
    PendSV_Handler                           0x08001efb   Thumb Code     2  stm32l0xx_it.o(i.PendSV_Handler)
    Read_MemMap                              0x08001f6d   Thumb Code    80  module_memmap.o(i.Read_MemMap)
    SVC_Handler                              0x08001fc5   Thumb Code     2  stm32l0xx_it.o(i.SVC_Handler)
    SetLatchTxfault                          0x08001fc7   Thumb Code     2  module_master_cdr.o(i.SetLatchTxfault)
    SysTick_Handler                          0x08001fc9   Thumb Code    12  stm32l0xx_it.o(i.SysTick_Handler)
    SystemClock_Config                       0x08001fd5   Thumb Code   128  main.o(i.SystemClock_Config)
    SystemInit                               0x08002059   Thumb Code    66  system_stm32l0xx.o(i.SystemInit)
    User_Slave_I2C_EV_IRQHandler             0x080021bd   Thumb Code    16  module_slave_i2c.o(i.User_Slave_I2C_EV_IRQHandler)
    WakeUpRxCDR                              0x080021cd   Thumb Code    14  module_master_cdr.o(i.WakeUpRxCDR)
    WakeUpTxCDR_DRIVER                       0x080021e1   Thumb Code    16  module_master_cdr.o(i.WakeUpTxCDR_DRIVER)
    WhetherIntL                              0x080021f1   Thumb Code     4  module_mcu.o(i.WhetherIntL)
    Write_MemMap                             0x080021f5   Thumb Code    76  module_memmap.o(i.Write_MemMap)
    __ARM_common_switch8                     0x08002249   Thumb Code    26  module_mcu.o(i.__ARM_common_switch8)
    __scatterload_copy                       0x08002263   Thumb Code    14  handlers.o(i.__scatterload_copy)
    __scatterload_null                       0x08002271   Thumb Code     2  handlers.o(i.__scatterload_null)
    __scatterload_zeroinit                   0x08002273   Thumb Code    14  handlers.o(i.__scatterload_zeroinit)
    main                                     0x08002281   Thumb Code    50  main.o(i.main)
    AHBPrescTable                            0x080022b8   Data          16  system_stm32l0xx.o(.constdata)
    PLLMulTable                              0x080022c8   Data           9  system_stm32l0xx.o(.constdata)
    Region$$Table$$Base                      0x080022d4   Number         0  anon$$obj.o(Region$$Table)
    Region$$Table$$Limit                     0x080022f4   Number         0  anon$$obj.o(Region$$Table)
    uwTick                                   0x20000000   Data           4  stm32l0xx_hal.o(.data)
    SystemCoreClock                          0x2000001c   Data           4  system_stm32l0xx.o(.data)
    hadc                                     0x20000020   Data          96  main.o(.bss)
    hi2c1                                    0x20000080   Data          76  main.o(.bss)
    hi2c2                                    0x200000cc   Data          76  main.o(.bss)
    __initial_sp                             0x20000720   Data           0  startup_stm32l052xx.o(STACK)



==============================================================================

Memory Map of the image

  Image Entry point : 0x080000c1

  Load Region LR_IROM1 (Base: 0x08000000, Size: 0x00002314, Max: 0x00008000, ABSOLUTE)

    Execution Region ER_IROM1 (Base: 0x08000000, Size: 0x000022f4, Max: 0x00008000, ABSOLUTE)

    Base Addr    Size         Type   Attr      Idx    E Section Name        Object

    0x08000000   0x000000c0   Data   RO         2598    RESET               startup_stm32l052xx.o
    0x080000c0   0x00000000   Code   RO         2637  * .ARM.Collect$$$$00000000  mc_p.l(entry.o)
    0x080000c0   0x00000004   Code   RO         2650    .ARM.Collect$$$$00000001  mc_p.l(entry2.o)
    0x080000c4   0x00000004   Code   RO         2653    .ARM.Collect$$$$00000004  mc_p.l(entry5.o)
    0x080000c8   0x00000000   Code   RO         2655    .ARM.Collect$$$$00000008  mc_p.l(entry7b.o)
    0x080000c8   0x00000000   Code   RO         2657    .ARM.Collect$$$$0000000A  mc_p.l(entry8b.o)
    0x080000c8   0x00000008   Code   RO         2658    .ARM.Collect$$$$0000000B  mc_p.l(entry9a.o)
    0x080000d0   0x00000000   Code   RO         2660    .ARM.Collect$$$$0000000D  mc_p.l(entry10a.o)
    0x080000d0   0x00000000   Code   RO         2662    .ARM.Collect$$$$0000000F  mc_p.l(entry11a.o)
    0x080000d0   0x00000004   Code   RO         2651    .ARM.Collect$$$$00002712  mc_p.l(entry2.o)
    0x080000d4   0x0000001c   Code   RO         2599    .text               startup_stm32l052xx.o
    0x080000f0   0x0000002c   Code   RO         2640    .text               mc_p.l(uidiv.o)
    0x0800011c   0x00000024   Code   RO         2671    .text               mc_p.l(init.o)
    0x08000140   0x00000010   Code   RO         1964    i.ADC1_COMP_IRQHandler  stm32l0xx_it.o
    0x08000150   0x00000052   Code   RO          432    i.ADC_ConversionStop  stm32l0xx_hal_adc.o
    0x080001a2   0x00000002   PAD
    0x080001a4   0x00000024   Code   RO          436    i.ADC_DelayMicroSecond  stm32l0xx_hal_adc.o
    0x080001c8   0x00000060   Code   RO          437    i.ADC_Disable       stm32l0xx_hal_adc.o
    0x08000228   0x00000064   Code   RO          438    i.ADC_Enable        stm32l0xx_hal_adc.o
    0x0800028c   0x00000002   Code   RO         2107    i.AssertRxLOL       module_master_cdr.o
    0x0800028e   0x00000002   Code   RO         2109    i.AssertTxLOSLOL    module_master_cdr.o
    0x08000290   0x00000024   Code   RO         2413    i.Assert_IntL       module_mcu.o
    0x080002b4   0x0000000c   Code   RO         2414    i.ClearLatchTempHighAlarm  module_mcu.o
    0x080002c0   0x00000014   Code   RO         2110    i.ClearLatchTxfault  module_master_cdr.o
    0x080002d4   0x00000014   Code   RO         2415    i.Data_Not_Ready    module_mcu.o
    0x080002e8   0x00000014   Code   RO         2416    i.Data_Ready        module_mcu.o
    0x080002fc   0x00000024   Code   RO         2417    i.Deassert_IntL     module_mcu.o
    0x08000320   0x00000016   Code   RO         1965    i.EXTI2_3_IRQHandler  stm32l0xx_it.o
    0x08000336   0x00000002   PAD
    0x08000338   0x00000080   Code   RO         1966    i.EXTI4_15_IRQHandler  stm32l0xx_it.o
    0x080003b8   0x0000000e   Code   RO         2418    i.EmptyBuffer       module_mcu.o
    0x080003c6   0x00000002   PAD
    0x080003c8   0x0000000c   Code   RO         2421    i.GetLatchTempHighAlarm  module_mcu.o
    0x080003d4   0x00000020   Code   RO         2113    i.GetLatchTxFault   module_master_cdr.o
    0x080003f4   0x0000000e   Code   RO         2114    i.GetRxLOLPin       module_master_cdr.o
    0x08000402   0x00000002   PAD
    0x08000404   0x00000014   Code   RO         2115    i.GetRxLOSPin       module_master_cdr.o
    0x08000418   0x00000020   Code   RO         2426    i.GetTemperature    module_mcu.o
    0x08000438   0x00000010   Code   RO         2116    i.GetTxLOSLOLPin    module_master_cdr.o
    0x08000448   0x00000094   Code   RO          440    i.HAL_ADC_ConfigChannel  stm32l0xx_hal_adc.o
    0x080004dc   0x00000050   Code   RO         2428    i.HAL_ADC_ConvCpltCallback  module_mcu.o
    0x0800052c   0x00000002   Code   RO          444    i.HAL_ADC_ErrorCallback  stm32l0xx_hal_adc.o
    0x0800052e   0x00000006   Code   RO          447    i.HAL_ADC_GetValue  stm32l0xx_hal_adc.o
    0x08000534   0x000000d6   Code   RO          448    i.HAL_ADC_IRQHandler  stm32l0xx_hal_adc.o
    0x0800060a   0x00000002   PAD
    0x0800060c   0x000001c4   Code   RO          449    i.HAL_ADC_Init      stm32l0xx_hal_adc.o
    0x080007d0   0x00000002   Code   RO          450    i.HAL_ADC_LevelOutOfWindowCallback  stm32l0xx_hal_adc.o
    0x080007d2   0x00000002   PAD
    0x080007d4   0x00000048   Code   RO         2037    i.HAL_ADC_MspInit   stm32l0xx_hal_msp.o
    0x0800081c   0x0000007c   Code   RO          457    i.HAL_ADC_Start_IT  stm32l0xx_hal_adc.o
    0x08000898   0x00000048   Code   RO          460    i.HAL_ADC_Stop_IT   stm32l0xx_hal_adc.o
    0x080008e0   0x00000098   Code   RO         1282    i.HAL_DMA_Abort_IT  stm32l0xx_hal_dma.o
    0x08000978   0x00000002   Code   RO          793    i.HAL_GPIO_EXTI_Callback  stm32l0xx_hal_gpio.o
    0x0800097a   0x00000002   PAD
    0x0800097c   0x00000018   Code   RO          794    i.HAL_GPIO_EXTI_IRQHandler  stm32l0xx_hal_gpio.o
    0x08000994   0x00000178   Code   RO          795    i.HAL_GPIO_Init     stm32l0xx_hal_gpio.o
    0x08000b0c   0x0000000a   Code   RO          797    i.HAL_GPIO_ReadPin  stm32l0xx_hal_gpio.o
    0x08000b16   0x0000000c   Code   RO          799    i.HAL_GPIO_WritePin  stm32l0xx_hal_gpio.o
    0x08000b22   0x00000002   PAD
    0x08000b24   0x0000000c   Code   RO          917    i.HAL_GetTick       stm32l0xx_hal.o
    0x08000b30   0x0000004a   Code   RO          854    i.HAL_I2CEx_ConfigAnalogFilter  stm32l0xx_hal_i2c_ex.o
    0x08000b7a   0x00000048   Code   RO          855    i.HAL_I2CEx_ConfigDigitalFilter  stm32l0xx_hal_i2c_ex.o
    0x08000bc2   0x00000002   Code   RO         1373    i.HAL_I2C_AbortCpltCallback  stm32l0xx_hal_i2c.o
    0x08000bc4   0x00000002   Code   RO         1374    i.HAL_I2C_AddrCallback  stm32l0xx_hal_i2c.o
    0x08000bc6   0x00000058   Code   RO         1377    i.HAL_I2C_ER_IRQHandler  stm32l0xx_hal_i2c.o
    0x08000c1e   0x00000002   Code   RO         1380    i.HAL_I2C_ErrorCallback  stm32l0xx_hal_i2c.o
    0x08000c20   0x000000b4   Code   RO         1384    i.HAL_I2C_Init      stm32l0xx_hal_i2c.o
    0x08000cd4   0x00000002   Code   RO         1386    i.HAL_I2C_ListenCpltCallback  stm32l0xx_hal_i2c.o
    0x08000cd6   0x00000002   PAD
    0x08000cd8   0x00000098   Code   RO         2039    i.HAL_I2C_MspInit   stm32l0xx_hal_msp.o
    0x08000d70   0x00000002   Code   RO         1408    i.HAL_I2C_SlaveRxCpltCallback  stm32l0xx_hal_i2c.o
    0x08000d72   0x00000002   Code   RO         1409    i.HAL_I2C_SlaveTxCpltCallback  stm32l0xx_hal_i2c.o
    0x08000d74   0x00000010   Code   RO          918    i.HAL_IncTick       stm32l0xx_hal.o
    0x08000d84   0x00000020   Code   RO          919    i.HAL_Init          stm32l0xx_hal.o
    0x08000da4   0x00000028   Code   RO          920    i.HAL_InitTick      stm32l0xx_hal.o
    0x08000dcc   0x00000038   Code   RO         2040    i.HAL_MspInit       stm32l0xx_hal_msp.o
    0x08000e04   0x00000014   Code   RO            6    i.HAL_NVIC_EnableIRQ  stm32l0xx_hal_cortex.o
    0x08000e18   0x00000008   Code   RO           10    i.HAL_NVIC_SetPriority  stm32l0xx_hal_cortex.o
    0x08000e20   0x00000178   Code   RO          210    i.HAL_RCCEx_PeriphCLKConfig  stm32l0xx_hal_rcc_ex.o
    0x08000f98   0x00000168   Code   RO         1184    i.HAL_RCC_ClockConfig  stm32l0xx_hal_rcc.o
    0x08001100   0x0000000c   Code   RO         1188    i.HAL_RCC_GetHCLKFreq  stm32l0xx_hal_rcc.o
    0x0800110c   0x00000078   Code   RO         1192    i.HAL_RCC_GetSysClockFreq  stm32l0xx_hal_rcc.o
    0x08001184   0x00000452   Code   RO         1195    i.HAL_RCC_OscConfig  stm32l0xx_hal_rcc.o
    0x080015d6   0x00000002   PAD
    0x080015d8   0x00000018   Code   RO           12    i.HAL_SYSTICK_CLKSourceConfig  stm32l0xx_hal_cortex.o
    0x080015f0   0x00000002   Code   RO           13    i.HAL_SYSTICK_Callback  stm32l0xx_hal_cortex.o
    0x080015f2   0x00000002   PAD
    0x080015f4   0x00000030   Code   RO           14    i.HAL_SYSTICK_Config  stm32l0xx_hal_cortex.o
    0x08001624   0x00000008   Code   RO           15    i.HAL_SYSTICK_IRQHandler  stm32l0xx_hal_cortex.o
    0x0800162c   0x00000002   Code   RO         1967    i.HardFault_Handler  stm32l0xx_it.o
    0x0800162e   0x00000002   PAD
    0x08001630   0x00000020   Code   RO         1968    i.I2C1_IRQHandler   stm32l0xx_it.o
    0x08001650   0x00000034   Code   RO         1418    i.I2C_DMAAbort      stm32l0xx_hal_i2c.o
    0x08001684   0x00000056   Code   RO         1424    i.I2C_Disable_IRQ   stm32l0xx_hal_i2c.o
    0x080016da   0x00000022   Code   RO         1426    i.I2C_Flush_TXDR    stm32l0xx_hal_i2c.o
    0x080016fc   0x0000007a   Code   RO         1427    i.I2C_ITAddrCplt    stm32l0xx_hal_i2c.o
    0x08001776   0x00000002   PAD
    0x08001778   0x000000cc   Code   RO         1428    i.I2C_ITError       stm32l0xx_hal_i2c.o
    0x08001844   0x00000060   Code   RO         1429    i.I2C_ITListenCplt  stm32l0xx_hal_i2c.o
    0x080018a4   0x000000e8   Code   RO         1432    i.I2C_ITSlaveCplt   stm32l0xx_hal_i2c.o
    0x0800198c   0x0000004a   Code   RO         1433    i.I2C_ITSlaveSequentialCplt  stm32l0xx_hal_i2c.o
    0x080019d6   0x00000002   PAD
    0x080019d8   0x00000118   Code   RO         1440    i.I2C_Slave_ISR_IT  stm32l0xx_hal_i2c.o
    0x08001af0   0x00000030   Code   RO         2372    i.I2C_Slave_Transreceiver_IT_Deinitialize  module_slave_i2c.o
    0x08001b20   0x00000048   Code   RO         2373    i.I2C_Slave_Transreceiver_IT_Initialize  module_slave_i2c.o
    0x08001b68   0x0000001c   Code   RO         2317    i.Internal_Read_MemMap  module_memmap.o
    0x08001b84   0x00000020   Code   RO         2318    i.Internal_Write_MemMap  module_memmap.o
    0x08001ba4   0x00000010   Code   RO         2429    i.IsLPMode          module_mcu.o
    0x08001bb4   0x0000000e   Code   RO         2430    i.IsLPMode_Overriade  module_mcu.o
    0x08001bc2   0x00000010   Code   RO         2431    i.IsModSelL         module_mcu.o
    0x08001bd2   0x00000002   Code   RO         2433    i.LowPowerMode      module_mcu.o
    0x08001bd4   0x000000d4   Code   RO         1891    i.MX_ADC_Init       main.o
    0x08001ca8   0x000000e8   Code   RO         1892    i.MX_GPIO_Init      main.o
    0x08001d90   0x00000054   Code   RO         1893    i.MX_I2C1_Init      main.o
    0x08001de4   0x00000054   Code   RO         1894    i.MX_I2C2_Init      main.o
    0x08001e38   0x0000001e   Code   RO         2080    i.Module_Init_Hardware  module_initialization.o
    0x08001e56   0x0000005a   Code   RO         2081    i.Module_Init_Register  module_initialization.o
    0x08001eb0   0x00000002   Code   RO         1969    i.NMI_Handler       stm32l0xx_it.o
    0x08001eb2   0x00000002   PAD
    0x08001eb4   0x00000044   Code   RO           16    i.NVIC_SetPriority  stm32l0xx_hal_cortex.o
    0x08001ef8   0x00000002   Code   RO         2434    i.NormalPowerMode   module_mcu.o
    0x08001efa   0x00000002   Code   RO         1970    i.PendSV_Handler    stm32l0xx_it.o
    0x08001efc   0x00000070   Code   RO         1196    i.RCC_SetFlashLatencyFromMSIRange  stm32l0xx_hal_rcc.o
    0x08001f6c   0x00000058   Code   RO         2320    i.Read_MemMap       module_memmap.o
    0x08001fc4   0x00000002   Code   RO         1971    i.SVC_Handler       stm32l0xx_it.o
    0x08001fc6   0x00000002   Code   RO         2119    i.SetLatchTxfault   module_master_cdr.o
    0x08001fc8   0x0000000c   Code   RO         1972    i.SysTick_Handler   stm32l0xx_it.o
    0x08001fd4   0x00000084   Code   RO         1895    i.SystemClock_Config  main.o
    0x08002058   0x00000054   Code   RO         2606    i.SystemInit        system_stm32l0xx.o
    0x080020ac   0x00000110   Code   RO         2374    i.User_I2C_Slave_ISR_IT  module_slave_i2c.o
    0x080021bc   0x00000010   Code   RO         2375    i.User_Slave_I2C_EV_IRQHandler  module_slave_i2c.o
    0x080021cc   0x00000014   Code   RO         2120    i.WakeUpRxCDR       module_master_cdr.o
    0x080021e0   0x00000010   Code   RO         2121    i.WakeUpTxCDR_DRIVER  module_master_cdr.o
    0x080021f0   0x00000004   Code   RO         2439    i.WhetherIntL       module_mcu.o
    0x080021f4   0x00000054   Code   RO         2321    i.Write_MemMap      module_memmap.o
    0x08002248   0x0000001a   Code   RO         2590    i.__ARM_common_switch8  module_mcu.o
    0x08002262   0x0000000e   Code   RO         2677    i.__scatterload_copy  mc_p.l(handlers.o)
    0x08002270   0x00000002   Code   RO         2678    i.__scatterload_null  mc_p.l(handlers.o)
    0x08002272   0x0000000e   Code   RO         2679    i.__scatterload_zeroinit  mc_p.l(handlers.o)
    0x08002280   0x00000038   Code   RO         1897    i.main              main.o
    0x080022b8   0x00000019   Data   RO         2607    .constdata          system_stm32l0xx.o
    0x080022d1   0x00000003   PAD
    0x080022d4   0x00000020   Data   RO         2675    Region$$Table       anon$$obj.o


    Execution Region RW_IRAM1 (Base: 0x20000000, Size: 0x00000720, Max: 0x00002000, ABSOLUTE)

    Base Addr    Size         Type   Attr      Idx    E Section Name        Object

    0x20000000   0x00000004   Data   RW          929    .data               stm32l0xx_hal.o
    0x20000004   0x00000005   Data   RW         2122    .data               module_master_cdr.o
    0x20000009   0x00000001   Data   RW         2323    .data               module_memmap.o
    0x2000000a   0x00000001   Data   RW         2377    .data               module_slave_i2c.o
    0x2000000b   0x00000001   PAD
    0x2000000c   0x00000010   Data   RW         2440    .data               module_mcu.o
    0x2000001c   0x00000004   Data   RW         2609    .data               system_stm32l0xx.o
    0x20000020   0x000000f8   Zero   RW         1898    .bss                main.o
    0x20000118   0x00000100   Zero   RW         2322    .bss                module_memmap.o
    0x20000218   0x00000101   Zero   RW         2376    .bss                module_slave_i2c.o
    0x20000319   0x00000007   PAD
    0x20000320   0x00000400   Zero   RW         2596    STACK               startup_stm32l052xx.o


==============================================================================

Image component sizes


      Code (inc. data)   RO Data    RW Data    ZI Data      Debug   Object Name

       800         92          0          0        248       4492   main.o
       120          0          0          0          0       1034   module_initialization.o
       144         24          0          5          0       4711   module_master_cdr.o
       342         46          0         16          0       8001   module_mcu.o
       232         34          0          1        256       3392   module_memmap.o
       408         24          0          1        257       3297   module_slave_i2c.o
        28          8        192          0       1024        592   startup_stm32l052xx.o
       100         24          0          4          0       3043   stm32l0xx_hal.o
      1334         34          0          0          0       8863   stm32l0xx_hal_adc.o
       178         28          0          0          0     349579   stm32l0xx_hal_cortex.o
       152          4          0          0          0       1207   stm32l0xx_hal_dma.o
       424         36          0          0          0       4043   stm32l0xx_hal_gpio.o
      1460         38          0          0          0      12967   stm32l0xx_hal_i2c.o
       146          0          0          0          0       1875   stm32l0xx_hal_i2c_ex.o
       280         30          0          0          0       2122   stm32l0xx_hal_msp.o
      1710        102          0          0          0       5770   stm32l0xx_hal_rcc.o
       376         14          0          0          0       1576   stm32l0xx_hal_rcc_ex.o
       218         14          0          0          0       3963   stm32l0xx_it.o
        84         18         25          4          0       1187   system_stm32l0xx.o

    ----------------------------------------------------------------------
      8566        570        252         32       1792     421714   Object Totals
         0          0         32          0          0          0   (incl. Generated)
        30          0          3          1          7          0   (incl. Padding)

    ----------------------------------------------------------------------

      Code (inc. data)   RO Data    RW Data    ZI Data      Debug   Library Member Name

         0          0          0          0          0          0   entry.o
         0          0          0          0          0          0   entry10a.o
         0          0          0          0          0          0   entry11a.o
         8          4          0          0          0          0   entry2.o
         4          0          0          0          0          0   entry5.o
         0          0          0          0          0          0   entry7b.o
         0          0          0          0          0          0   entry8b.o
         8          4          0          0          0          0   entry9a.o
        30          0          0          0          0          0   handlers.o
        36          8          0          0          0         68   init.o
        44          0          0          0          0         72   uidiv.o

    ----------------------------------------------------------------------
       130         16          0          0          0        140   Library Totals
         0          0          0          0          0          0   (incl. Padding)

    ----------------------------------------------------------------------

      Code (inc. data)   RO Data    RW Data    ZI Data      Debug   Library Name

       130         16          0          0          0        140   mc_p.l

    ----------------------------------------------------------------------
       130         16          0          0          0        140   Library Totals

    ----------------------------------------------------------------------

==============================================================================


      Code (inc. data)   RO Data    RW Data    ZI Data      Debug   

      8696        586        252         32       1792     417430   Grand Totals
      8696        586        252         32       1792     417430   ELF Image Totals
      8696        586        252         32          0          0   ROM Totals

==============================================================================

    Total RO  Size (Code + RO Data)                 8948 (   8.74kB)
    Total RW  Size (RW Data + ZI Data)              1824 (   1.78kB)
    Total ROM Size (Code + RO Data + RW Data)       8980 (   8.77kB)

==============================================================================

